Component: ARM Compiler 5.06 update 6 (build 750) Tool: armlink [4d35ed]

==============================================================================

Section Cross References

    startup_stm32f103xb.o(STACK) refers (Special) to heapauxi.o(.text) for __use_two_region_memory
    startup_stm32f103xb.o(HEAP) refers (Special) to heapauxi.o(.text) for __use_two_region_memory
    startup_stm32f103xb.o(RESET) refers (Special) to heapauxi.o(.text) for __use_two_region_memory
    startup_stm32f103xb.o(RESET) refers to startup_stm32f103xb.o(STACK) for __initial_sp
    startup_stm32f103xb.o(RESET) refers to startup_stm32f103xb.o(.text) for Reset_Handler
    startup_stm32f103xb.o(RESET) refers to stm32f1xx_it.o(i.NMI_Handler) for NMI_Handler
    startup_stm32f103xb.o(RESET) refers to stm32f1xx_it.o(i.HardFault_Handler) for HardFault_Handler
    startup_stm32f103xb.o(RESET) refers to stm32f1xx_it.o(i.MemManage_Handler) for MemManage_Handler
    startup_stm32f103xb.o(RESET) refers to stm32f1xx_it.o(i.BusFault_Handler) for BusFault_Handler
    startup_stm32f103xb.o(RESET) refers to stm32f1xx_it.o(i.UsageFault_Handler) for UsageFault_Handler
    startup_stm32f103xb.o(RESET) refers to stm32f1xx_it.o(i.SVC_Handler) for SVC_Handler
    startup_stm32f103xb.o(RESET) refers to stm32f1xx_it.o(i.DebugMon_Handler) for DebugMon_Handler
    startup_stm32f103xb.o(RESET) refers to stm32f1xx_it.o(i.PendSV_Handler) for PendSV_Handler
    startup_stm32f103xb.o(RESET) refers to stm32f1xx_it.o(i.SysTick_Handler) for SysTick_Handler
    startup_stm32f103xb.o(RESET) refers to stm32f1xx_it.o(i.DMA1_Channel1_IRQHandler) for DMA1_Channel1_IRQHandler
    startup_stm32f103xb.o(.text) refers (Special) to heapauxi.o(.text) for __use_two_region_memory
    startup_stm32f103xb.o(.text) refers to system_stm32f1xx.o(i.SystemInit) for SystemInit
    startup_stm32f103xb.o(.text) refers to __main.o(!!!main) for __main
    startup_stm32f103xb.o(.text) refers to startup_stm32f103xb.o(HEAP) for Heap_Mem
    startup_stm32f103xb.o(.text) refers to startup_stm32f103xb.o(STACK) for Stack_Mem
    main.o(i.MX_ADC1_Init) refers to stm32f1xx_hal_adc.o(i.HAL_ADC_Init) for HAL_ADC_Init
    main.o(i.MX_ADC1_Init) refers to stm32f1xx_hal_adc.o(i.HAL_ADC_ConfigChannel) for HAL_ADC_ConfigChannel
    main.o(i.MX_ADC1_Init) refers to main.o(.bss) for .bss
    main.o(i.MX_GPIO_Init) refers to stm32f1xx_hal_gpio.o(i.HAL_GPIO_WritePin) for HAL_GPIO_WritePin
    main.o(i.MX_GPIO_Init) refers to stm32f1xx_hal_gpio.o(i.HAL_GPIO_Init) for HAL_GPIO_Init
    main.o(i.MX_SPI2_Init) refers to stm32f1xx_hal_spi.o(i.HAL_SPI_Init) for HAL_SPI_Init
    main.o(i.MX_SPI2_Init) refers to main.o(.bss) for .bss
    main.o(i.MX_TIM4_Init) refers to stm32f1xx_hal_tim.o(i.HAL_TIM_Base_Init) for HAL_TIM_Base_Init
    main.o(i.MX_TIM4_Init) refers to stm32f1xx_hal_tim.o(i.HAL_TIM_ConfigClockSource) for HAL_TIM_ConfigClockSource
    main.o(i.MX_TIM4_Init) refers to stm32f1xx_hal_tim_ex.o(i.HAL_TIMEx_MasterConfigSynchronization) for HAL_TIMEx_MasterConfigSynchronization
    main.o(i.MX_TIM4_Init) refers to main.o(.bss) for .bss
    main.o(i.SystemClock_Config) refers to rt_memclr_w.o(.text) for __aeabi_memclr4
    main.o(i.SystemClock_Config) refers to stm32f1xx_hal_rcc.o(i.HAL_RCC_OscConfig) for HAL_RCC_OscConfig
    main.o(i.SystemClock_Config) refers to stm32f1xx_hal_rcc.o(i.HAL_RCC_ClockConfig) for HAL_RCC_ClockConfig
    main.o(i.SystemClock_Config) refers to stm32f1xx_hal_rcc_ex.o(i.HAL_RCCEx_PeriphCLKConfig) for HAL_RCCEx_PeriphCLKConfig
    main.o(i.main) refers to stm32f1xx_hal.o(i.HAL_Init) for HAL_Init
    main.o(i.main) refers to main.o(i.SystemClock_Config) for SystemClock_Config
    main.o(i.main) refers to main.o(i.MX_GPIO_Init) for MX_GPIO_Init
    main.o(i.main) refers to stm32f1xx_hal_cortex.o(i.HAL_NVIC_SetPriority) for HAL_NVIC_SetPriority
    main.o(i.main) refers to stm32f1xx_hal_cortex.o(i.HAL_NVIC_EnableIRQ) for HAL_NVIC_EnableIRQ
    main.o(i.main) refers to main.o(i.MX_ADC1_Init) for MX_ADC1_Init
    main.o(i.main) refers to main.o(i.MX_TIM4_Init) for MX_TIM4_Init
    main.o(i.main) refers to main.o(i.MX_SPI2_Init) for MX_SPI2_Init
    main.o(i.main) refers to stm32f1xx_hal_tim.o(i.HAL_TIM_Base_Start) for HAL_TIM_Base_Start
    main.o(i.main) refers to stm32f1xx_hal_adc.o(i.HAL_ADC_Start_DMA) for HAL_ADC_Start_DMA
    main.o(i.main) refers to rt_memcpy_w.o(.text) for __aeabi_memcpy4
    main.o(i.main) refers to my_nrf24.o(i.NRF24_Begin) for NRF24_Begin
    main.o(i.main) refers to my_nrf24.o(i.NRF24_OpenWritingPipe) for NRF24_OpenWritingPipe
    main.o(i.main) refers to my_nrf24.o(i.NRF24_SetPALevel) for NRF24_SetPALevel
    main.o(i.main) refers to my_nrf24.o(i.NRF24_SetDataRate) for NRF24_SetDataRate
    main.o(i.main) refers to my_nrf24.o(i.NRF24_SetChannel) for NRF24_SetChannel
    main.o(i.main) refers to my_nrf24.o(i.NRF24_SetAutoAck) for NRF24_SetAutoAck
    main.o(i.main) refers to my_nrf24.o(i.NRF24_StartListening) for NRF24_StartListening
[...]
    .ARM.Collect$$libinit$$00000000          0x08000160   Section        2  libinit.o(.ARM.Collect$$libinit$$00000000)
    .ARM.Collect$$libinit$$00000002          0x08000162   Section        0  libinit2.o(.ARM.Collect$$libinit$$00000002)
    .ARM.Collect$$libinit$$00000004          0x08000162   Section        0  libinit2.o(.ARM.Collect$$libinit$$00000004)
    .ARM.Collect$$libinit$$0000000A          0x08000162   Section        0  libinit2.o(.ARM.Collect$$libinit$$0000000A)
    .ARM.Collect$$libinit$$0000000C          0x08000162   Section        0  libinit2.o(.ARM.Collect$$libinit$$0000000C)
    .ARM.Collect$$libinit$$0000000E          0x08000162   Section        0  libinit2.o(.ARM.Collect$$libinit$$0000000E)
    .ARM.Collect$$libinit$$00000011          0x08000162   Section        0  libinit2.o(.ARM.Collect$$libinit$$00000011)
    .ARM.Collect$$libinit$$00000013          0x08000162   Section        0  libinit2.o(.ARM.Collect$$libinit$$00000013)
    .ARM.Collect$$libinit$$00000015          0x08000162   Section        0  libinit2.o(.ARM.Collect$$libinit$$00000015)
    .ARM.Collect$$libinit$$00000017          0x08000162   Section        0  libinit2.o(.ARM.Collect$$libinit$$00000017)
    .ARM.Collect$$libinit$$00000019          0x08000162   Section        0  libinit2.o(.ARM.Collect$$libinit$$00000019)
    .ARM.Collect$$libinit$$0000001B          0x08000162   Section        0  libinit2.o(.ARM.Collect$$libinit$$0000001B)
    .ARM.Collect$$libinit$$0000001D          0x08000162   Section        0  libinit2.o(.ARM.Collect$$libinit$$0000001D)
    .ARM.Collect$$libinit$$0000001F          0x08000162   Section        0  libinit2.o(.ARM.Collect$$libinit$$0000001F)
    .ARM.Collect$$libinit$$00000021          0x08000162   Section        0  libinit2.o(.ARM.Collect$$libinit$$00000021)
    .ARM.Collect$$libinit$$00000023          0x08000162   Section        0  libinit2.o(.ARM.Collect$$libinit$$00000023)
    .ARM.Collect$$libinit$$00000025          0x08000162   Section        0  libinit2.o(.ARM.Collect$$libinit$$00000025)
    .ARM.Collect$$libinit$$0000002C          0x08000162   Section        0  libinit2.o(.ARM.Collect$$libinit$$0000002C)
    .ARM.Collect$$libinit$$0000002E          0x08000162   Section        0  libinit2.o(.ARM.Collect$$libinit$$0000002E)
    .ARM.Collect$$libinit$$00000030          0x08000162   Section        0  libinit2.o(.ARM.Collect$$libinit$$00000030)
    .ARM.Collect$$libinit$$00000032          0x08000162   Section        0  libinit2.o(.ARM.Collect$$libinit$$00000032)
    .ARM.Collect$$libinit$$00000033          0x08000162   Section        2  libinit2.o(.ARM.Collect$$libinit$$00000033)
    .ARM.Collect$$libshutdown$$00000000      0x08000164   Section        2  libshutdown.o(.ARM.Collect$$libshutdown$$00000000)
    .ARM.Collect$$libshutdown$$00000002      0x08000166   Section        0  libshutdown2.o(.ARM.Collect$$libshutdown$$00000002)
    .ARM.Collect$$libshutdown$$00000004      0x08000166   Section        0  libshutdown2.o(.ARM.Collect$$libshutdown$$00000004)
    .ARM.Collect$$libshutdown$$00000007      0x08000166   Section        0  libshutdown2.o(.ARM.Collect$$libshutdown$$00000007)
    .ARM.Collect$$libshutdown$$0000000A      0x08000166   Section        0  libshutdown2.o(.ARM.Collect$$libshutdown$$0000000A)
    .ARM.Collect$$libshutdown$$0000000C      0x08000166   Section        0  libshutdown2.o(.ARM.Collect$$libshutdown$$0000000C)
    .ARM.Collect$$libshutdown$$0000000F      0x08000166   Section        0  libshutdown2.o(.ARM.Collect$$libshutdown$$0000000F)
    .ARM.Collect$$libshutdown$$00000010      0x08000166   Section        2  libshutdown2.o(.ARM.Collect$$libshutdown$$00000010)
    .ARM.Collect$$rtentry$$00000000          0x08000168   Section        0  __rtentry.o(.ARM.Collect$$rtentry$$00000000)
    .ARM.Collect$$rtentry$$00000002          0x08000168   Section        0  __rtentry2.o(.ARM.Collect$$rtentry$$00000002)
    .ARM.Collect$$rtentry$$00000004          0x08000168   Section        6  __rtentry4.o(.ARM.Collect$$rtentry$$00000004)
    .ARM.Collect$$rtentry$$00000009          0x0800016e   Section        0  __rtentry2.o(.ARM.Collect$$rtentry$$00000009)
    .ARM.Collect$$rtentry$$0000000A          0x0800016e   Section        4  __rtentry2.o(.ARM.Collect$$rtentry$$0000000A)
    .ARM.Collect$$rtentry$$0000000C          0x08000172   Section        0  __rtentry2.o(.ARM.Collect$$rtentry$$0000000C)
    .ARM.Collect$$rtentry$$0000000D          0x08000172   Section        8  __rtentry2.o(.ARM.Collect$$rtentry$$0000000D)
    .ARM.Collect$$rtexit$$00000000           0x0800017a   Section        2  rtexit.o(.ARM.Collect$$rtexit$$00000000)
    .ARM.Collect$$rtexit$$00000002           0x0800017c   Section        0  rtexit2.o(.ARM.Collect$$rtexit$$00000002)
    .ARM.Collect$$rtexit$$00000003           0x0800017c   Section        4  rtexit2.o(.ARM.Collect$$rtexit$$00000003)
    .ARM.Collect$$rtexit$$00000004           0x08000180   Section        6  rtexit2.o(.ARM.Collect$$rtexit$$00000004)
    .text                                    0x08000188   Section       64  startup_stm32f103xb.o(.text)
    .text                                    0x080001c8   Section      100  rt_memcpy_w.o(.text)
    .text                                    0x0800022c   Section       78  rt_memclr_w.o(.text)
    .text                                    0x0800027a   Section        0  heapauxi.o(.text)
    .text                                    0x08000280   Section        0  _rserrno.o(.text)
    .text                                    0x08000298   Section        8  rt_errno_addr_intlibspace.o(.text)
    .text                                    0x080002a0   Section        8  libspace.o(.text)
    .text                                    0x080002a8   Section       74  sys_stackheap_outer.o(.text)
    .text                                    0x080002f2   Section        0  exit.o(.text)
    .text                                    0x08000304   Section        0  sys_exit.o(.text)
    .text                                    0x08000310   Section        2  use_no_semi.o(.text)
    .text                                    0x08000312   Section        0  indicate_semi.o(.text)
    i.ADC_ConversionStop_Disable             0x08000314   Section        0  stm32f1xx_hal_adc.o(i.ADC_ConversionStop_Disable)
    i.ADC_DMAConvCplt                        0x0800036a   Section        0  stm32f1xx_hal_adc.o(i.ADC_DMAConvCplt)
    i.ADC_DMAError                           0x080003b8   Section        0  stm32f1xx_hal_adc.o(i.ADC_DMAError)
    i.ADC_DMAHalfConvCplt                    0x080003d2   Section        0  stm32f1xx_hal_adc.o(i.ADC_DMAHalfConvCplt)
    i.ADC_Enable                             0x080003dc   Section        0  stm32f1xx_hal_adc.o(i.ADC_Enable)
    i.BusFault_Handler                       0x08000458   Section        0  stm32f1xx_it.o(i.BusFault_Handler)
    i.DHT22_Humidity                         0x0800045c   Section        0  dht22.o(i.DHT22_Humidity)
    i.DHT22_Read                             0x08000480   Section        0  dht22.o(i.DHT22_Read)
    i.DHT22_Start                            0x0800052c   Section        0  dht22.o(i.DHT22_Start)
    i.DHT22_Temperature                      0x080005d8   Section        0  dht22.o(i.DHT22_Temperature)
    i.DMA1_Channel1_IRQHandler               0x08000614   Section        0  stm32f1xx_it.o(i.DMA1_Channel1_IRQHandler)
    i.DMA_SetConfig                          0x08000620   Section        0  stm32f1xx_hal_dma.o(i.DMA_SetConfig)
    DMA_SetConfig                            0x08000621   Thumb Code    42  stm32f1xx_hal_dma.o(i.DMA_SetConfig)
    i.DebugMon_Handler                       0x0800064a   Section        0  stm32f1xx_it.o(i.DebugMon_Handler)
    i.Delay_us                               0x0800064c   Section        0  delay.o(i.Delay_us)
    i.Error_Handler                          0x08000664   Section        0  main.o(i.Error_Handler)
    i.HAL_ADC_ConfigChannel                  0x08000668   Section        0  stm32f1xx_hal_adc.o(i.HAL_ADC_ConfigChannel)
    i.HAL_ADC_ConvCpltCallback               0x08000764   Section        0  stm32f1xx_hal_adc.o(i.HAL_ADC_ConvCpltCallback)
    i.HAL_ADC_ConvHalfCpltCallback           0x08000766   Section        0  stm32f1xx_hal_adc.o(i.HAL_ADC_ConvHalfCpltCallback)
    i.HAL_ADC_ErrorCallback                  0x08000768   Section        0  stm32f1xx_hal_adc.o(i.HAL_ADC_ErrorCallback)
    i.HAL_ADC_Init                           0x0800076c   Section        0  stm32f1xx_hal_adc.o(i.HAL_ADC_Init)
    i.HAL_ADC_MspInit                        0x08000888   Section        0  stm32f1xx_hal_msp.o(i.HAL_ADC_MspInit)
    i.HAL_ADC_Start_DMA                      0x08000918   Section        0  stm32f1xx_hal_adc.o(i.HAL_ADC_Start_DMA)
    i.HAL_DMA_IRQHandler                     0x08000a24   Section        0  stm32f1xx_hal_dma.o(i.HAL_DMA_IRQHandler)
    i.HAL_DMA_Init                           0x08000b78   Section        0  stm32f1xx_hal_dma.o(i.HAL_DMA_Init)
    i.HAL_DMA_Start_IT                       0x08000bd4   Section        0  stm32f1xx_hal_dma.o(i.HAL_DMA_Start_IT)
    i.HAL_Delay                              0x08000c44   Section        0  stm32f1xx_hal.o(i.HAL_Delay)
    i.HAL_GPIO_Init                          0x08000c68   Section        0  stm32f1xx_hal_gpio.o(i.HAL_GPIO_Init)
    i.HAL_GPIO_ReadPin                       0x08000e48   Section        0  stm32f1xx_hal_gpio.o(i.HAL_GPIO_ReadPin)
    i.HAL_GPIO_WritePin                      0x08000e52   Section        0  stm32f1xx_hal_gpio.o(i.HAL_GPIO_WritePin)
    i.HAL_GetTick                            0x08000e5c   Section        0  stm32f1xx_hal.o(i.HAL_GetTick)
    i.HAL_IncTick                            0x08000e68   Section        0  stm32f1xx_hal.o(i.HAL_IncTick)
    i.HAL_Init                               0x08000e78   Section        0  stm32f1xx_hal.o(i.HAL_Init)
    i.HAL_InitTick                           0x08000e9c   Section        0  stm32f1xx_hal.o(i.HAL_InitTick)
    i.HAL_MspInit                            0x08000edc   Section        0  stm32f1xx_hal_msp.o(i.HAL_MspInit)
    i.HAL_NVIC_EnableIRQ                     0x08000f18   Section        0  stm32f1xx_hal_cortex.o(i.HAL_NVIC_EnableIRQ)
    i.HAL_NVIC_SetPriority                   0x08000f34   Section        0  stm32f1xx_hal_cortex.o(i.HAL_NVIC_SetPriority)
    i.HAL_NVIC_SetPriorityGrouping           0x08000f74   Section        0  stm32f1xx_hal_cortex.o(i.HAL_NVIC_SetPriorityGrouping)
    i.HAL_RCCEx_PeriphCLKConfig              0x08000f98   Section        0  stm32f1xx_hal_rcc_ex.o(i.HAL_RCCEx_PeriphCLKConfig)
    i.HAL_RCC_ClockConfig                    0x08001084   Section        0  stm32f1xx_hal_rcc.o(i.HAL_RCC_ClockConfig)
    i.HAL_RCC_GetSysClockFreq                0x080011b0   Section        0  stm32f1xx_hal_rcc.o(i.HAL_RCC_GetSysClockFreq)
    i.HAL_RCC_OscConfig                      0x080011fc   Section        0  stm32f1xx_hal_rcc.o(i.HAL_RCC_OscConfig)
    i.HAL_SPI_Init                           0x0800151c   Section        0  stm32f1xx_hal_spi.o(i.HAL_SPI_Init)
    i.HAL_SPI_MspInit                        0x080015d0   Section        0  stm32f1xx_hal_msp.o(i.HAL_SPI_MspInit)
    i.HAL_SPI_Receive                        0x08001644   Section        0  stm32f1xx_hal_spi.o(i.HAL_SPI_Receive)
    i.HAL_SPI_Transmit                       0x0800179a   Section        0  stm32f1xx_hal_spi.o(i.HAL_SPI_Transmit)
    i.HAL_SPI_TransmitReceive                0x08001908   Section        0  stm32f1xx_hal_spi.o(i.HAL_SPI_TransmitReceive)
    i.HAL_SYSTICK_Config                     0x08001af6   Section        0  stm32f1xx_hal_cortex.o(i.HAL_SYSTICK_Config)
    i.HAL_TIMEx_MasterConfigSynchronization  0x08001b20   Section        0  stm32f1xx_hal_tim_ex.o(i.HAL_TIMEx_MasterConfigSynchronization)
    i.HAL_TIM_Base_Init                      0x08001b88   Section        0  stm32f1xx_hal_tim.o(i.HAL_TIM_Base_Init)
    i.HAL_TIM_Base_MspInit                   0x08001be4   Section        0  stm32f1xx_hal_msp.o(i.HAL_TIM_Base_MspInit)
    i.HAL_TIM_Base_Start                     0x08001c0c   Section        0  stm32f1xx_hal_tim.o(i.HAL_TIM_Base_Start)
    i.HAL_TIM_ConfigClockSource              0x08001c5c   Section        0  stm32f1xx_hal_tim.o(i.HAL_TIM_ConfigClockSource)
    i.HardFault_Handler                      0x08001d38   Section        0  stm32f1xx_it.o(i.HardFault_Handler)
    i.MQ135_GetPPM                           0x08001d3c   Section        0  mq135.o(i.MQ135_GetPPM)
    i.MQ135_GetResistance                    0x08001d80   Section        0  mq135.o(i.MQ135_GetResistance)
    i.MX_ADC1_Init                           0x08001dbc   Section        0  main.o(i.MX_ADC1_Init)
    MX_ADC1_Init                             0x08001dbd   Thumb Code    70  main.o(i.MX_ADC1_Init)
    i.MX_GPIO_Init                           0x08001e0c   Section        0  main.o(i.MX_GPIO_Init)
    MX_GPIO_Init                             0x08001e0d   Thumb Code   136  main.o(i.MX_GPIO_Init)
    i.MX_SPI2_Init                           0x08001ea0   Section        0  main.o(i.MX_SPI2_Init)
    MX_SPI2_Init                             0x08001ea1   Thumb Code    56  main.o(i.MX_SPI2_Init)
    i.MX_TIM4_Init                           0x08001ee0   Section        0  main.o(i.MX_TIM4_Init)
    MX_TIM4_Init                             0x08001ee1   Thumb Code    94  main.o(i.MX_TIM4_Init)
    i.MemManage_Handler                      0x08001f48   Section        0  stm32f1xx_it.o(i.MemManage_Handler)
    i.NMI_Handler                            0x08001f4a   Section        0  stm32f1xx_it.o(i.NMI_Handler)
    i.NRF24_ACTIVATE_cmd                     0x08001f4c   Section        0  my_nrf24.o(i.NRF24_ACTIVATE_cmd)
    i.NRF24_Available                        0x08001f78   Section        0  my_nrf24.o(i.NRF24_Available)
    i.NRF24_AvailablePipe                    0x08001f7e   Section        0  my_nrf24.o(i.NRF24_AvailablePipe)
    i.NRF24_Begin                            0x08001fb0   Section        0  my_nrf24.o(i.NRF24_Begin)
    i.NRF24_DisableDynamicPayloads           0x0800213c   Section        0  my_nrf24.o(i.NRF24_DisableDynamicPayloads)
    i.NRF24_GetDynamicPayloadSize            0x08002164   Section        0  my_nrf24.o(i.NRF24_GetDynamicPayloadSize)
    i.NRF24_OpenWritingPipe                  0x0800216c   Section        0  my_nrf24.o(i.NRF24_OpenWritingPipe)
    i.NRF24_PowerDown                        0x08002198   Section        0  my_nrf24.o(i.NRF24_PowerDown)
    i.NRF24_Read                             0x080021ae   Section        0  my_nrf24.o(i.NRF24_Read)
    i.NRF24_ResetStatus                      0x080021d2   Section        0  my_nrf24.o(i.NRF24_ResetStatus)
    i.NRF24_SetAutoAck                       0x080021da   Section        0  my_nrf24.o(i.NRF24_SetAutoAck)
    i.NRF24_SetCRCLength                     0x080021e8   Section        0  my_nrf24.o(i.NRF24_SetCRCLength)
    i.NRF24_SetChannel                       0x08002210   Section        0  my_nrf24.o(i.NRF24_SetChannel)
    i.NRF24_SetDataRate                      0x08002220   Section        0  my_nrf24.o(i.NRF24_SetDataRate)
    i.NRF24_SetPALevel                       0x0800227c   Section        0  my_nrf24.o(i.NRF24_SetPALevel)
    i.NRF24_SetPayloadSize                   0x080022b8   Section        0  my_nrf24.o(i.NRF24_SetPayloadSize)
    i.NRF24_SetRetries                       0x080022c8   Section        0  my_nrf24.o(i.NRF24_SetRetries)
    i.NRF24_StartListening                   0x080022d8   Section        0  my_nrf24.o(i.NRF24_StartListening)
    i.NRF24_StartWrite                       0x0800231c   Section        0  my_nrf24.o(i.NRF24_StartWrite)
    i.NRF24_StopListening                    0x08002366   Section        0  my_nrf24.o(i.NRF24_StopListening)
    i.NRF24_WhatHappened                     0x0800237a   Section        0  my_nrf24.o(i.NRF24_WhatHappened)
    i.NRF24_Write                            0x080023ac   Section        0  my_nrf24.o(i.NRF24_Write)
    i.NRF24_ce                               0x08002410   Section        0  my_nrf24.o(i.NRF24_ce)
    i.NRF24_csn                              0x08002424   Section        0  my_nrf24.o(i.NRF24_csn)
    i.NRF24_flush_rx                         0x08002438   Section        0  my_nrf24.o(i.NRF24_flush_rx)
    i.NRF24_flush_tx                         0x08002440   Section        0  my_nrf24.o(i.NRF24_flush_tx)
    i.NRF24_get_status                       0x08002448   Section        0  my_nrf24.o(i.NRF24_get_status)
    i.NRF24_read_payload                     0x08002450   Section        0  my_nrf24.o(i.NRF24_read_payload)
    i.NRF24_read_register                    0x08002494   Section        0  my_nrf24.o(i.NRF24_read_register)
    i.NRF24_read_registerN                   0x080024d4   Section        0  my_nrf24.o(i.NRF24_read_registerN)
    i.NRF24_write_payload                    0x08002510   Section        0  my_nrf24.o(i.NRF24_write_payload)
    i.NRF24_write_register                   0x08002548   Section        0  my_nrf24.o(i.NRF24_write_register)
    i.NRF24_write_registerN                  0x08002578   Section        0  my_nrf24.o(i.NRF24_write_registerN)
    i.PendSV_Handler                         0x080025b4   Section        0  stm32f1xx_it.o(i.PendSV_Handler)
    i.SPI_EndRxTransaction                   0x080025b6   Section        0  stm32f1xx_hal_spi.o(i.SPI_EndRxTransaction)
    SPI_EndRxTransaction                     0x080025b7   Thumb Code    92  stm32f1xx_hal_spi.o(i.SPI_EndRxTransaction)
    i.SPI_EndRxTxTransaction                 0x08002612   Section        0  stm32f1xx_hal_spi.o(i.SPI_EndRxTxTransaction)
    SPI_EndRxTxTransaction                   0x08002613   Thumb Code    32  stm32f1xx_hal_spi.o(i.SPI_EndRxTxTransaction)
    i.SPI_WaitFlagStateUntilTimeout          0x08002634   Section        0  stm32f1xx_hal_spi.o(i.SPI_WaitFlagStateUntilTimeout)
    SPI_WaitFlagStateUntilTimeout            0x08002635   Thumb Code   180  stm32f1xx_hal_spi.o(i.SPI_WaitFlagStateUntilTimeout)
    i.SVC_Handler                            0x080026ec   Section        0  stm32f1xx_it.o(i.SVC_Handler)
    i.SysTick_Handler                        0x080026ee   Section        0  stm32f1xx_it.o(i.SysTick_Handler)
    i.SystemClock_Config                     0x080026f2   Section        0  main.o(i.SystemClock_Config)
    i.SystemInit                             0x0800276a   Section        0  system_stm32f1xx.o(i.SystemInit)
    i.TIM_Base_SetConfig                     0x0800276c   Section        0  stm32f1xx_hal_tim.o(i.TIM_Base_SetConfig)
    i.TIM_ETR_SetConfig                      0x080027d8   Section        0  stm32f1xx_hal_tim.o(i.TIM_ETR_SetConfig)
    i.TIM_ITRx_SetConfig                     0x080027ec   Section        0  stm32f1xx_hal_tim.o(i.TIM_ITRx_SetConfig)
    TIM_ITRx_SetConfig                       0x080027ed   Thumb Code    16  stm32f1xx_hal_tim.o(i.TIM_ITRx_SetConfig)
    i.TIM_TI1_ConfigInputStage               0x080027fc   Section        0  stm32f1xx_hal_tim.o(i.TIM_TI1_ConfigInputStage)
    TIM_TI1_ConfigInputStage                 0x080027fd   Thumb Code    34  stm32f1xx_hal_tim.o(i.TIM_TI1_ConfigInputStage)
    i.TIM_TI2_ConfigInputStage               0x0800281e   Section        0  stm32f1xx_hal_tim.o(i.TIM_TI2_ConfigInputStage)
    TIM_TI2_ConfigInputStage                 0x0800281f   Thumb Code    36  stm32f1xx_hal_tim.o(i.TIM_TI2_ConfigInputStage)
    i.UsageFault_Handler                     0x08002842   Section        0  stm32f1xx_it.o(i.UsageFault_Handler)
    i.__ARM_fpclassify                       0x08002844   Section        0  fpclassify.o(i.__ARM_fpclassify)
    i.__NVIC_SetPriority                     0x0800286c   Section        0  stm32f1xx_hal_cortex.o(i.__NVIC_SetPriority)
    __NVIC_SetPriority                       0x0800286d   Thumb Code    32  stm32f1xx_hal_cortex.o(i.__NVIC_SetPriority)
    i.__kernel_poly                          0x0800288c   Section        0  poly.o(i.__kernel_poly)
    i.__mathlib_dbl_divzero                  0x08002938   Section        0  dunder.o(i.__mathlib_dbl_divzero)
    i.__mathlib_dbl_infnan2                  0x08002948   Section        0  dunder.o(i.__mathlib_dbl_infnan2)
    i.__mathlib_dbl_invalid                  0x0800294c   Section        0  dunder.o(i.__mathlib_dbl_invalid)
    i.__mathlib_dbl_overflow                 0x08002958   Section        0  dunder.o(i.__mathlib_dbl_overflow)
    i.__mathlib_dbl_underflow                0x08002968   Section        0  dunder.o(i.__mathlib_dbl_underflow)
    i.main                                   0x08002978   Section        0  main.o(i.main)
    i.pow                                    0x08002aec   Section        0  pow.o(i.pow)
    i.sqrt                                   0x080034c4   Section        0  sqrt.o(i.sqrt)
    x$fpl$d2f                                0x08003510   Section       98  d2f.o(x$fpl$d2f)
    x$fpl$dadd                               0x08003574   Section      336  daddsub_clz.o(x$fpl$dadd)
    _dadd1                                   0x08003585   Thumb Code     0  daddsub_clz.o(x$fpl$dadd)
    x$fpl$dcheck1                            0x080036c4   Section       16  dcheck1.o(x$fpl$dcheck1)
    x$fpl$dcmpinf                            0x080036d4   Section       24  dcmpi.o(x$fpl$dcmpinf)
    x$fpl$ddiv                               0x080036ec   Section      688  ddiv.o(x$fpl$ddiv)
    ddiv_entry                               0x080036f3   Thumb Code     0  ddiv.o(x$fpl$ddiv)
    x$fpl$dflt                               0x0800399c   Section       46  dflt_clz.o(x$fpl$dflt)
    x$fpl$dleqf                              0x080039cc   Section      120  dleqf.o(x$fpl$dleqf)
    x$fpl$dmul                               0x08003a44   Section      340  dmul.o(x$fpl$dmul)
    x$fpl$dnaninf                            0x08003b98   Section      156  dnaninf.o(x$fpl$dnaninf)
    x$fpl$dretinf                            0x08003c34   Section       12  dretinf.o(x$fpl$dretinf)
    x$fpl$drleqf                             0x08003c40   Section      108  drleqf.o(x$fpl$drleqf)
    x$fpl$drsb                               0x08003cac   Section       22  daddsub_clz.o(x$fpl$drsb)
    x$fpl$dsqrt                              0x08003cc4   Section      460  dsqrt_noumaal.o(x$fpl$dsqrt)
    x$fpl$dsub                               0x08003e90   Section      468  daddsub_clz.o(x$fpl$dsub)
    _dsub1                                   0x08003ea1   Thumb Code     0  daddsub_clz.o(x$fpl$dsub)
    x$fpl$f2d                                0x08004064   Section       86  f2d.o(x$fpl$f2d)
    x$fpl$fadd                               0x080040bc   Section      196  faddsub_clz.o(x$fpl$fadd)
    _fadd1                                   0x080040cb   Thumb Code     0  faddsub_clz.o(x$fpl$fadd)
    x$fpl$fdiv                               0x08004180   Section      388  fdiv.o(x$fpl$fdiv)
    _fdiv1                                   0x08004181   Thumb Code     0  fdiv.o(x$fpl$fdiv)
    x$fpl$fflt                               0x08004304   Section       48  fflt_clz.o(x$fpl$fflt)
    x$fpl$fmul                               0x08004334   Section      258  fmul.o(x$fpl$fmul)
    x$fpl$fnaninf                            0x08004436   Section      140  fnaninf.o(x$fpl$fnaninf)
    x$fpl$fretinf                            0x080044c2   Section       10  fretinf.o(x$fpl$fretinf)
    x$fpl$fsub                               0x080044cc   Section      234  faddsub_clz.o(x$fpl$fsub)
    _fsub1                                   0x080044db   Thumb Code     0  faddsub_clz.o(x$fpl$fsub)
    x$fpl$retnan                             0x080045b6   Section      100  retnan.o(x$fpl$retnan)
    x$fpl$scalbn                             0x0800461a   Section       92  scalbn.o(x$fpl$scalbn)
    x$fpl$trapveneer                         0x08004676   Section       48  trapv.o(x$fpl$trapveneer)
    .constdata                               0x080046a6   Section       18  stm32f1xx_hal_rcc.o(.constdata)
    x$fpl$usenofp                            0x080046a6   Section        0  usenofp.o(x$fpl$usenofp)
    aPredivFactorTable                       0x080046a6   Data           2  stm32f1xx_hal_rcc.o(.constdata)
    aPLLMULFactorTable                       0x080046a8   Data          16  stm32f1xx_hal_rcc.o(.constdata)
    .constdata                               0x080046b8   Section       16  system_stm32f1xx.o(.constdata)
    .constdata                               0x080046c8   Section      136  pow.o(.constdata)
    bp                                       0x080046c8   Data          16  pow.o(.constdata)
    dp_h                                     0x080046d8   Data          16  pow.o(.constdata)
    dp_l                                     0x080046e8   Data          16  pow.o(.constdata)
    L                                        0x080046f8   Data          48  pow.o(.constdata)
    P                                        0x08004728   Data          40  pow.o(.constdata)
    .constdata                               0x08004750   Section        8  qnan.o(.constdata)
    .data                                    0x20000000   Section        8  main.o(.data)
    .data                                    0x20000008   Section       12  stm32f1xx_hal.o(.data)
    .data                                    0x20000014   Section        4  system_stm32f1xx.o(.data)
    .data                                    0x20000018   Section        9  dht22.o(.data)
    pMillis                                  0x20000018   Data           2  dht22.o(.data)
    cMillis                                  0x2000001a   Data           2  dht22.o(.data)
    DHT22_Data                               0x2000001c   Data           5  dht22.o(.data)
    .data                                    0x20000028   Section       24  my_nrf24.o(.data)
    ack_payload_available                    0x20000028   Data           1  my_nrf24.o(.data)
    ack_payload_length                       0x20000029   Data           1  my_nrf24.o(.data)
    payload_size                             0x2000002a   Data           1  my_nrf24.o(.data)
    dynamic_payloads_enabled                 0x2000002b   Data           1  my_nrf24.o(.data)
    p_variant                                0x2000002c   Data           1  my_nrf24.o(.data)
    wide_band                                0x2000002d   Data           1  my_nrf24.o(.data)
    nrf24_CSN_PIN                            0x2000002e   Data           2  my_nrf24.o(.data)
    nrf24_CE_PIN                             0x20000030   Data           2  my_nrf24.o(.data)
    nrf24_PORT                               0x20000034   Data           4  my_nrf24.o(.data)
    pipe0_reading_address                    0x20000038   Data           8  my_nrf24.o(.data)
    .bss                                     0x20000040   Section      240  main.o(.bss)
    .bss                                     0x20000130   Section       68  main.o(.bss)
    .bss                                     0x20000174   Section       88  my_nrf24.o(.bss)
    nrf24_hspi                               0x20000174   Data          88  my_nrf24.o(.bss)
    .bss                                     0x200001cc   Section       96  libspace.o(.bss)
    HEAP                                     0x20000230   Section      512  startup_stm32f103xb.o(HEAP)
    Heap_Mem                                 0x20000230   Data         512  startup_stm32f103xb.o(HEAP)
    STACK                                    0x20000430   Section     1024  startup_stm32f103xb.o(STACK)
    Stack_Mem                                0x20000430   Data        1024  startup_stm32f103xb.o(STACK)
    __initial_sp                             0x20000830   Data           0  startup_stm32f103xb.o(STACK)

    Global Symbols

    Symbol Name                              Value     Ov Type        Size  Object(Section)

    BuildAttributes$$THM_ISAv4$P$D$K$B$S$PE$A:L22UL41UL21$X:L11$S22US41US21$IEEE1$IW$USESV6$~STKCKD$USESV7$~SHL$OTIME$ROPI$IEEEX$EBA8$UX$STANDARDLIB$REQ8$PRES8$EABIv2 0x00000000   Number         0  anon$$obj.o ABSOLUTE
    __ARM_use_no_argv                        0x00000000   Number         0  main.o ABSOLUTE
    __ARM_exceptions_init                     - Undefined Weak Reference
    __alloca_initialize                       - Undefined Weak Reference
    __arm_preinit_                            - Undefined Weak Reference
    __cpp_initialize__aeabi_                  - Undefined Weak Reference
    __cxa_finalize                            - Undefined Weak Reference
    __rt_locale                               - Undefined Weak Reference
    __sigvec_lookup                           - Undefined Weak Reference
    _atexit_init                              - Undefined Weak Reference
    _call_atexit_fns                          - Undefined Weak Reference
    _clock_init                               - Undefined Weak Reference
    _fp_trap_init                             - Undefined Weak Reference
    _fp_trap_shutdown                         - Undefined Weak Reference
    _get_lc_collate                           - Undefined Weak Reference
    _get_lc_ctype                             - Undefined Weak Reference
    _get_lc_monetary                          - Undefined Weak Reference
    _get_lc_numeric                           - Undefined Weak Reference
    _get_lc_time                              - Undefined Weak Reference
    _getenv_init                              - Undefined Weak Reference
    _handle_redirection                       - Undefined Weak Reference
    _init_alloc                               - Undefined Weak Reference
    _init_user_alloc                          - Undefined Weak Reference
    _initio                                   - Undefined Weak Reference
    _rand_init                                - Undefined Weak Reference
    _signal_finish                            - Undefined Weak Reference
    _signal_init                              - Undefined Weak Reference
    _terminate_alloc                          - Undefined Weak Reference
    _terminate_user_alloc                     - Undefined Weak Reference
    _terminateio                              - Undefined Weak Reference
    __Vectors_Size                           0x000000ec   Number         0  startup_stm32f103xb.o ABSOLUTE
    __Vectors                                0x08000000   Data           4  startup_stm32f103xb.o(RESET)
    __Vectors_End                            0x080000ec   Data           0  startup_stm32f103xb.o(RESET)
    __main                                   0x080000ed   Thumb Code     8  __main.o(!!!main)
    __scatterload                            0x080000f5   Thumb Code     0  __scatter.o(!!!scatter)
    __scatterload_rt2                        0x080000f5   Thumb Code    44  __scatter.o(!!!scatter)
    __scatterload_rt2_thumb_only             0x080000f5   Thumb Code     0  __scatter.o(!!!scatter)
    __scatterload_null                       0x08000103   Thumb Code     0  __scatter.o(!!!scatter)
    __scatterload_copy                       0x08000129   Thumb Code    26  __scatter_copy.o(!!handler_copy)
    __scatterload_zeroinit                   0x08000145   Thumb Code    28  __scatter_zi.o(!!handler_zi)
    __rt_lib_init                            0x08000161   Thumb Code     0  libinit.o(.ARM.Collect$$libinit$$00000000)
    __rt_lib_init_alloca_1                   0x08000163   Thumb Code     0  libinit2.o(.ARM.Collect$$libinit$$0000002E)
    __rt_lib_init_argv_1                     0x08000163   Thumb Code     0  libinit2.o(.ARM.Collect$$libinit$$0000002C)
    __rt_lib_init_atexit_1                   0x08000163   Thumb Code     0  libinit2.o(.ARM.Collect$$libinit$$0000001B)
    __rt_lib_init_clock_1                    0x08000163   Thumb Code     0  libinit2.o(.ARM.Collect$$libinit$$00000021)
    __rt_lib_init_cpp_1                      0x08000163   Thumb Code     0  libinit2.o(.ARM.Collect$$libinit$$00000032)
    __rt_lib_init_exceptions_1               0x08000163   Thumb Code     0  libinit2.o(.ARM.Collect$$libinit$$00000030)
    __rt_lib_init_fp_1                       0x08000163   Thumb Code     0  libinit2.o(.ARM.Collect$$libinit$$00000002)
    __rt_lib_init_fp_trap_1                  0x08000163   Thumb Code     0  libinit2.o(.ARM.Collect$$libinit$$0000001F)
    __rt_lib_init_getenv_1                   0x08000163   Thumb Code     0  libinit2.o(.ARM.Collect$$libinit$$00000023)
    __rt_lib_init_heap_1                     0x08000163   Thumb Code     0  libinit2.o(.ARM.Collect$$libinit$$0000000A)
    __rt_lib_init_lc_collate_1               0x08000163   Thumb Code     0  libinit2.o(.ARM.Collect$$libinit$$00000011)
    __rt_lib_init_lc_ctype_1                 0x08000163   Thumb Code     0  libinit2.o(.ARM.Collect$$libinit$$00000013)
    __rt_lib_init_lc_monetary_1              0x08000163   Thumb Code     0  libinit2.o(.ARM.Collect$$libinit$$00000015)
    __rt_lib_init_lc_numeric_1               0x08000163   Thumb Code     0  libinit2.o(.ARM.Collect$$libinit$$00000017)
    __rt_lib_init_lc_time_1                  0x08000163   Thumb Code     0  libinit2.o(.ARM.Collect$$libinit$$00000019)
    __rt_lib_init_preinit_1                  0x08000163   Thumb Code     0  libinit2.o(.ARM.Collect$$libinit$$00000004)
    __rt_lib_init_rand_1                     0x08000163   Thumb Code     0  libinit2.o(.ARM.Collect$$libinit$$0000000E)
    __rt_lib_init_return                     0x08000163   Thumb Code     0  libinit2.o(.ARM.Collect$$libinit$$00000033)
    __rt_lib_init_signal_1                   0x08000163   Thumb Code     0  libinit2.o(.ARM.Collect$$libinit$$0000001D)
    __rt_lib_init_stdio_1                    0x08000163   Thumb Code     0  libinit2.o(.ARM.Collect$$libinit$$00000025)
    __rt_lib_init_user_alloc_1               0x08000163   Thumb Code     0  libinit2.o(.ARM.Collect$$libinit$$0000000C)
    __rt_lib_shutdown                        0x08000165   Thumb Code     0  libshutdown.o(.ARM.Collect$$libshutdown$$00000000)
    __rt_lib_shutdown_cpp_1                  0x08000167   Thumb Code     0  libshutdown2.o(.ARM.Collect$$libshutdown$$00000002)
    __rt_lib_shutdown_fp_trap_1              0x08000167   Thumb Code     0  libshutdown2.o(.ARM.Collect$$libshutdown$$00000007)
    __rt_lib_shutdown_heap_1                 0x08000167   Thumb Code     0  libshutdown2.o(.ARM.Collect$$libshutdown$$0000000F)
    __rt_lib_shutdown_return                 0x08000167   Thumb Code     0  libshutdown2.o(.ARM.Collect$$libshutdown$$00000010)
    __rt_lib_shutdown_signal_1               0x08000167   Thumb Code     0  libshutdown2.o(.ARM.Collect$$libshutdown$$0000000A)
    __rt_lib_shutdown_stdio_1                0x08000167   Thumb Code     0  libshutdown2.o(.ARM.Collect$$libshutdown$$00000004)
    __rt_lib_shutdown_user_alloc_1           0x08000167   Thumb Code     0  libshutdown2.o(.ARM.Collect$$libshutdown$$0000000C)
    __rt_entry                               0x08000169   Thumb Code     0  __rtentry.o(.ARM.Collect$$rtentry$$00000000)
    __rt_entry_presh_1                       0x08000169   Thumb Code     0  __rtentry2.o(.ARM.Collect$$rtentry$$00000002)
    __rt_entry_sh                            0x08000169   Thumb Code     0  __rtentry4.o(.ARM.Collect$$rtentry$$00000004)
    __rt_entry_li                            0x0800016f   Thumb Code     0  __rtentry2.o(.ARM.Collect$$rtentry$$0000000A)
    __rt_entry_postsh_1                      0x0800016f   Thumb Code     0  __rtentry2.o(.ARM.Collect$$rtentry$$00000009)
    __rt_entry_main                          0x08000173   Thumb Code     0  __rtentry2.o(.ARM.Collect$$rtentry$$0000000D)
    __rt_entry_postli_1                      0x08000173   Thumb Code     0  __rtentry2.o(.ARM.Collect$$rtentry$$0000000C)
    __rt_exit                                0x0800017b   Thumb Code     0  rtexit.o(.ARM.Collect$$rtexit$$00000000)
    __rt_exit_ls                             0x0800017d   Thumb Code     0  rtexit2.o(.ARM.Collect$$rtexit$$00000003)
    __rt_exit_prels_1                        0x0800017d   Thumb Code     0  rtexit2.o(.ARM.Collect$$rtexit$$00000002)
    __rt_exit_exit                           0x08000181   Thumb Code     0  rtexit2.o(.ARM.Collect$$rtexit$$00000004)
    Reset_Handler                            0x08000189   Thumb Code     8  startup_stm32f103xb.o(.text)
    ADC1_2_IRQHandler                        0x080001a3   Thumb Code     0  startup_stm32f103xb.o(.text)
    CAN1_RX1_IRQHandler                      0x080001a3   Thumb Code     0  startup_stm32f103xb.o(.text)
    CAN1_SCE_IRQHandler                      0x080001a3   Thumb Code     0  startup_stm32f103xb.o(.text)
    DMA1_Channel2_IRQHandler                 0x080001a3   Thumb Code     0  startup_stm32f103xb.o(.text)
    DMA1_Channel3_IRQHandler                 0x080001a3   Thumb Code     0  startup_stm32f103xb.o(.text)
    DMA1_Channel4_IRQHandler                 0x080001a3   Thumb Code     0  startup_stm32f103xb.o(.text)
    DMA1_Channel5_IRQHandler                 0x080001a3   Thumb Code     0  startup_stm32f103xb.o(.text)
    DMA1_Channel6_IRQHandler                 0x080001a3   Thumb Code     0  startup_stm32f103xb.o(.text)
    DMA1_Channel7_IRQHandler                 0x080001a3   Thumb Code     0  startup_stm32f103xb.o(.text)
    EXTI0_IRQHandler                         0x080001a3   Thumb Code     0  startup_stm32f103xb.o(.text)
    EXTI15_10_IRQHandler                     0x080001a3   Thumb Code     0  startup_stm32f103xb.o(.text)
    EXTI1_IRQHandler                         0x080001a3   Thumb Code     0  startup_stm32f103xb.o(.text)
    EXTI2_IRQHandler                         0x080001a3   Thumb Code     0  startup_stm32f103xb.o(.text)
    EXTI3_IRQHandler                         0x080001a3   Thumb Code     0  startup_stm32f103xb.o(.text)
    EXTI4_IRQHandler                         0x080001a3   Thumb Code     0  startup_stm32f103xb.o(.text)
    EXTI9_5_IRQHandler                       0x080001a3   Thumb Code     0  startup_stm32f103xb.o(.text)
    FLASH_IRQHandler                         0x080001a3   Thumb Code     0  startup_stm32f103xb.o(.text)
    I2C1_ER_IRQHandler                       0x080001a3   Thumb Code     0  startup_stm32f103xb.o(.text)
    I2C1_EV_IRQHandler                       0x080001a3   Thumb Code     0  startup_stm32f103xb.o(.text)
    I2C2_ER_IRQHandler                       0x080001a3   Thumb Code     0  startup_stm32f103xb.o(.text)
    I2C2_EV_IRQHandler                       0x080001a3   Thumb Code     0  startup_stm32f103xb.o(.text)
    PVD_IRQHandler                           0x080001a3   Thumb Code     0  startup_stm32f103xb.o(.text)
    RCC_IRQHandler                           0x080001a3   Thumb Code     0  startup_stm32f103xb.o(.text)
    RTC_Alarm_IRQHandler                     0x080001a3   Thumb Code     0  startup_stm32f103xb.o(.text)
    RTC_IRQHandler                           0x080001a3   Thumb Code     0  startup_stm32f103xb.o(.text)
    SPI1_IRQHandler                          0x080001a3   Thumb Code     0  startup_stm32f103xb.o(.text)
    SPI2_IRQHandler                          0x080001a3   Thumb Code     0  startup_stm32f103xb.o(.text)
    TAMPER_IRQHandler                        0x080001a3   Thumb Code     0  startup_stm32f103xb.o(.text)
    TIM1_BRK_IRQHandler                      0x080001a3   Thumb Code     0  startup_stm32f103xb.o(.text)
    TIM1_CC_IRQHandler                       0x080001a3   Thumb Code     0  startup_stm32f103xb.o(.text)
    TIM1_TRG_COM_IRQHandler                  0x080001a3   Thumb Code     0  startup_stm32f103xb.o(.text)
    TIM1_UP_IRQHandler                       0x080001a3   Thumb Code     0  startup_stm32f103xb.o(.text)
    TIM2_IRQHandler                          0x080001a3   Thumb Code     0  startup_stm32f103xb.o(.text)
    TIM3_IRQHandler                          0x080001a3   Thumb Code     0  startup_stm32f103xb.o(.text)
    TIM4_IRQHandler                          0x080001a3   Thumb Code     0  startup_stm32f103xb.o(.text)
    USART1_IRQHandler                        0x080001a3   Thumb Code     0  startup_stm32f103xb.o(.text)
    USART2_IRQHandler                        0x080001a3   Thumb Code     0  startup_stm32f103xb.o(.text)
    USART3_IRQHandler                        0x080001a3   Thumb Code     0  startup_stm32f103xb.o(.text)
    USBWakeUp_IRQHandler                     0x080001a3   Thumb Code     0  startup_stm32f103xb.o(.text)
    USB_HP_CAN1_TX_IRQHandler                0x080001a3   Thumb Code     0  startup_stm32f103xb.o(.text)
    USB_LP_CAN1_RX0_IRQHandler               0x080001a3   Thumb Code     0  startup_stm32f103xb.o(.text)
    WWDG_IRQHandler                          0x080001a3   Thumb Code     0  startup_stm32f103xb.o(.text)
    __user_initial_stackheap                 0x080001a5   Thumb Code     0  startup_stm32f103xb.o(.text)
    __aeabi_memcpy4                          0x080001c9   Thumb Code     0  rt_memcpy_w.o(.text)
    __aeabi_memcpy8                          0x080001c9   Thumb Code     0  rt_memcpy_w.o(.text)
    __rt_memcpy_w                            0x080001c9   Thumb Code   100  rt_memcpy_w.o(.text)
    _memcpy_lastbytes_aligned                0x08000211   Thumb Code     0  rt_memcpy_w.o(.text)
    __aeabi_memclr4                          0x0800022d   Thumb Code     0  rt_memclr_w.o(.text)
    __aeabi_memclr8                          0x0800022d   Thumb Code     0  rt_memclr_w.o(.text)
    __rt_memclr_w                            0x0800022d   Thumb Code    78  rt_memclr_w.o(.text)
    _memset_w                                0x08000231   Thumb Code     0  rt_memclr_w.o(.text)
    __use_two_region_memory                  0x0800027b   Thumb Code     2  heapauxi.o(.text)
    __rt_heap_escrow$2region                 0x0800027d   Thumb Code     2  heapauxi.o(.text)
    __rt_heap_expand$2region                 0x0800027f   Thumb Code     2  heapauxi.o(.text)
    __read_errno                             0x08000281   Thumb Code    10  _rserrno.o(.text)
    __set_errno                              0x0800028b   Thumb Code    12  _rserrno.o(.text)
    __aeabi_errno_addr                       0x08000299   Thumb Code     8  rt_errno_addr_intlibspace.o(.text)
    __errno$intlibspace                      0x08000299   Thumb Code     0  rt_errno_addr_intlibspace.o(.text)
    __rt_errno_addr$intlibspace              0x08000299   Thumb Code     0  rt_errno_addr_intlibspace.o(.text)
    __user_libspace                          0x080002a1   Thumb Code     8  libspace.o(.text)
    __user_perproc_libspace                  0x080002a1   Thumb Code     0  libspace.o(.text)
    __user_perthread_libspace                0x080002a1   Thumb Code     0  libspace.o(.text)
    __user_setup_stackheap                   0x080002a9   Thumb Code    74  sys_stackheap_outer.o(.text)
    exit                                     0x080002f3   Thumb Code    18  exit.o(.text)
    _sys_exit                                0x08000305   Thumb Code     8  sys_exit.o(.text)
    __I$use$semihosting                      0x08000311   Thumb Code     0  use_no_semi.o(.text)
    __use_no_semihosting_swi                 0x08000311   Thumb Code     2  use_no_semi.o(.text)
    __semihosting_library_function           0x08000313   Thumb Code     0  indicate_semi.o(.text)
    ADC_ConversionStop_Disable               0x08000315   Thumb Code    86  stm32f1xx_hal_adc.o(i.ADC_ConversionStop_Disable)
    ADC_DMAConvCplt                          0x0800036b   Thumb Code    78  stm32f1xx_hal_adc.o(i.ADC_DMAConvCplt)
    ADC_DMAError                             0x080003b9   Thumb Code    26  stm32f1xx_hal_adc.o(i.ADC_DMAError)
    ADC_DMAHalfConvCplt                      0x080003d3   Thumb Code    10  stm32f1xx_hal_adc.o(i.ADC_DMAHalfConvCplt)
    ADC_Enable                               0x080003dd   Thumb Code   114  stm32f1xx_hal_adc.o(i.ADC_Enable)
    BusFault_Handler                         0x08000459   Thumb Code     2  stm32f1xx_it.o(i.BusFault_Handler)
    DHT22_Humidity                           0x0800045d   Thumb Code    28  dht22.o(i.DHT22_Humidity)
    DHT22_Read                               0x08000481   Thumb Code   162  dht22.o(i.DHT22_Read)
    DHT22_Start                              0x0800052d   Thumb Code   162  dht22.o(i.DHT22_Start)
    DHT22_Temperature                        0x080005d9   Thumb Code    46  dht22.o(i.DHT22_Temperature)
    DMA1_Channel1_IRQHandler                 0x08000615   Thumb Code     6  stm32f1xx_it.o(i.DMA1_Channel1_IRQHandler)
    DebugMon_Handler                         0x0800064b   Thumb Code     2  stm32f1xx_it.o(i.DebugMon_Handler)
    Delay_us                                 0x0800064d   Thumb Code    18  delay.o(i.Delay_us)
    Error_Handler                            0x08000665   Thumb Code     4  main.o(i.Error_Handler)
    HAL_ADC_ConfigChannel                    0x08000669   Thumb Code   240  stm32f1xx_hal_adc.o(i.HAL_ADC_ConfigChannel)
    HAL_ADC_ConvCpltCallback                 0x08000765   Thumb Code     2  stm32f1xx_hal_adc.o(i.HAL_ADC_ConvCpltCallback)
    HAL_ADC_ConvHalfCpltCallback             0x08000767   Thumb Code     2  stm32f1xx_hal_adc.o(i.HAL_ADC_ConvHalfCpltCallback)
    HAL_ADC_ErrorCallback                    0x08000769   Thumb Code     2  stm32f1xx_hal_adc.o(i.HAL_ADC_ErrorCallback)
    HAL_ADC_Init                             0x0800076d   Thumb Code   272  stm32f1xx_hal_adc.o(i.HAL_ADC_Init)
    HAL_ADC_MspInit                          0x08000889   Thumb Code   122  stm32f1xx_hal_msp.o(i.HAL_ADC_MspInit)
    HAL_ADC_Start_DMA                        0x08000919   Thumb Code   246  stm32f1xx_hal_adc.o(i.HAL_ADC_Start_DMA)
    HAL_DMA_IRQHandler                       0x08000a25   Thumb Code   316  stm32f1xx_hal_dma.o(i.HAL_DMA_IRQHandler)
    HAL_DMA_Init                             0x08000b79   Thumb Code    84  stm32f1xx_hal_dma.o(i.HAL_DMA_Init)
    HAL_DMA_Start_IT                         0x08000bd5   Thumb Code   112  stm32f1xx_hal_dma.o(i.HAL_DMA_Start_IT)
    HAL_Delay                                0x08000c45   Thumb Code    32  stm32f1xx_hal.o(i.HAL_Delay)
    HAL_GPIO_Init                            0x08000c69   Thumb Code   446  stm32f1xx_hal_gpio.o(i.HAL_GPIO_Init)
    HAL_GPIO_ReadPin                         0x08000e49   Thumb Code    10  stm32f1xx_hal_gpio.o(i.HAL_GPIO_ReadPin)
    HAL_GPIO_WritePin                        0x08000e53   Thumb Code    10  stm32f1xx_hal_gpio.o(i.HAL_GPIO_WritePin)
    HAL_GetTick                              0x08000e5d   Thumb Code     6  stm32f1xx_hal.o(i.HAL_GetTick)
    HAL_IncTick                              0x08000e69   Thumb Code    12  stm32f1xx_hal.o(i.HAL_IncTick)
    HAL_Init                                 0x08000e79   Thumb Code    32  stm32f1xx_hal.o(i.HAL_Init)
    HAL_InitTick                             0x08000e9d   Thumb Code    54  stm32f1xx_hal.o(i.HAL_InitTick)
    HAL_MspInit                              0x08000edd   Thumb Code    52  stm32f1xx_hal_msp.o(i.HAL_MspInit)
    HAL_NVIC_EnableIRQ                       0x08000f19   Thumb Code    26  stm32f1xx_hal_cortex.o(i.HAL_NVIC_EnableIRQ)
    HAL_NVIC_SetPriority                     0x08000f35   Thumb Code    60  stm32f1xx_hal_cortex.o(i.HAL_NVIC_SetPriority)
    HAL_NVIC_SetPriorityGrouping             0x08000f75   Thumb Code    26  stm32f1xx_hal_cortex.o(i.HAL_NVIC_SetPriorityGrouping)
    HAL_RCCEx_PeriphCLKConfig                0x08000f99   Thumb Code   224  stm32f1xx_hal_rcc_ex.o(i.HAL_RCCEx_PeriphCLKConfig)
    HAL_RCC_ClockConfig                      0x08001085   Thumb Code   280  stm32f1xx_hal_rcc.o(i.HAL_RCC_ClockConfig)
    HAL_RCC_GetSysClockFreq                  0x080011b1   Thumb Code    58  stm32f1xx_hal_rcc.o(i.HAL_RCC_GetSysClockFreq)
    HAL_RCC_OscConfig                        0x080011fd   Thumb Code   778  stm32f1xx_hal_rcc.o(i.HAL_RCC_OscConfig)
    HAL_SPI_Init                             0x0800151d   Thumb Code   178  stm32f1xx_hal_spi.o(i.HAL_SPI_Init)
    HAL_SPI_MspInit                          0x080015d1   Thumb Code   102  stm32f1xx_hal_msp.o(i.HAL_SPI_MspInit)
    HAL_SPI_Receive                          0x08001645   Thumb Code   342  stm32f1xx_hal_spi.o(i.HAL_SPI_Receive)
    HAL_SPI_Transmit                         0x0800179b   Thumb Code   366  stm32f1xx_hal_spi.o(i.HAL_SPI_Transmit)
    HAL_SPI_TransmitReceive                  0x08001909   Thumb Code   494  stm32f1xx_hal_spi.o(i.HAL_SPI_TransmitReceive)
    HAL_SYSTICK_Config                       0x08001af7   Thumb Code    40  stm32f1xx_hal_cortex.o(i.HAL_SYSTICK_Config)
    HAL_TIMEx_MasterConfigSynchronization    0x08001b21   Thumb Code    92  stm32f1xx_hal_tim_ex.o(i.HAL_TIMEx_MasterConfigSynchronization)
    HAL_TIM_Base_Init                        0x08001b89   Thumb Code    90  stm32f1xx_hal_tim.o(i.HAL_TIM_Base_Init)
    HAL_TIM_Base_MspInit                     0x08001be5   Thumb Code    30  stm32f1xx_hal_msp.o(i.HAL_TIM_Base_MspInit)
    HAL_TIM_Base_Start                       0x08001c0d   Thumb Code    66  stm32f1xx_hal_tim.o(i.HAL_TIM_Base_Start)
    HAL_TIM_ConfigClockSource                0x08001c5d   Thumb Code   220  stm32f1xx_hal_tim.o(i.HAL_TIM_ConfigClockSource)
    HardFault_Handler                        0x08001d39   Thumb Code     2  stm32f1xx_it.o(i.HardFault_Handler)
    MQ135_GetPPM                             0x08001d3d   Thumb Code    42  mq135.o(i.MQ135_GetPPM)
    MQ135_GetResistance                      0x08001d81   Thumb Code    42  mq135.o(i.MQ135_GetResistance)
    MemManage_Handler                        0x08001f49   Thumb Code     2  stm32f1xx_it.o(i.MemManage_Handler)
    NMI_Handler                              0x08001f4b   Thumb Code     2  stm32f1xx_it.o(i.NMI_Handler)
    NRF24_ACTIVATE_cmd                       0x08001f4d   Thumb Code    40  my_nrf24.o(i.NRF24_ACTIVATE_cmd)
    NRF24_Available                          0x08001f79   Thumb Code     6  my_nrf24.o(i.NRF24_Available)
    NRF24_AvailablePipe                      0x08001f7f   Thumb Code    48  my_nrf24.o(i.NRF24_AvailablePipe)
    NRF24_Begin                              0x08001fb1   Thumb Code   386  my_nrf24.o(i.NRF24_Begin)
    NRF24_DisableDynamicPayloads             0x0800213d   Thumb Code    34  my_nrf24.o(i.NRF24_DisableDynamicPayloads)
    NRF24_GetDynamicPayloadSize              0x08002165   Thumb Code     6  my_nrf24.o(i.NRF24_GetDynamicPayloadSize)
    NRF24_OpenWritingPipe                    0x0800216d   Thumb Code    40  my_nrf24.o(i.NRF24_OpenWritingPipe)
    NRF24_PowerDown                          0x08002199   Thumb Code    22  my_nrf24.o(i.NRF24_PowerDown)
    NRF24_Read                               0x080021af   Thumb Code    36  my_nrf24.o(i.NRF24_Read)
    NRF24_ResetStatus                        0x080021d3   Thumb Code     8  my_nrf24.o(i.NRF24_ResetStatus)
    NRF24_SetAutoAck                         0x080021db   Thumb Code    14  my_nrf24.o(i.NRF24_SetAutoAck)
    NRF24_SetCRCLength                       0x080021e9   Thumb Code    40  my_nrf24.o(i.NRF24_SetCRCLength)
    NRF24_SetChannel                         0x08002211   Thumb Code    14  my_nrf24.o(i.NRF24_SetChannel)
    NRF24_SetDataRate                        0x08002221   Thumb Code    86  my_nrf24.o(i.NRF24_SetDataRate)
    NRF24_SetPALevel                         0x0800227d   Thumb Code    60  my_nrf24.o(i.NRF24_SetPALevel)
    NRF24_SetPayloadSize                     0x080022b9   Thumb Code    12  my_nrf24.o(i.NRF24_SetPayloadSize)
    NRF24_SetRetries                         0x080022c9   Thumb Code    14  my_nrf24.o(i.NRF24_SetRetries)
    NRF24_StartListening                     0x080022d9   Thumb Code    64  my_nrf24.o(i.NRF24_StartListening)
    NRF24_StartWrite                         0x0800231d   Thumb Code    74  my_nrf24.o(i.NRF24_StartWrite)
    NRF24_StopListening                      0x08002367   Thumb Code    20  my_nrf24.o(i.NRF24_StopListening)
    NRF24_WhatHappened                       0x0800237b   Thumb Code    50  my_nrf24.o(i.NRF24_WhatHappened)
    NRF24_Write                              0x080023ad   Thumb Code    94  my_nrf24.o(i.NRF24_Write)
    NRF24_ce                                 0x08002411   Thumb Code    16  my_nrf24.o(i.NRF24_ce)
    NRF24_csn                                0x08002425   Thumb Code    16  my_nrf24.o(i.NRF24_csn)
    NRF24_flush_rx                           0x08002439   Thumb Code     8  my_nrf24.o(i.NRF24_flush_rx)
    NRF24_flush_tx                           0x08002441   Thumb Code     8  my_nrf24.o(i.NRF24_flush_tx)
    NRF24_get_status                         0x08002449   Thumb Code     6  my_nrf24.o(i.NRF24_get_status)
    NRF24_read_payload                       0x08002451   Thumb Code    58  my_nrf24.o(i.NRF24_read_payload)
    NRF24_read_register                      0x08002495   Thumb Code    58  my_nrf24.o(i.NRF24_read_register)
    NRF24_read_registerN                     0x080024d5   Thumb Code    54  my_nrf24.o(i.NRF24_read_registerN)
    NRF24_write_payload                      0x08002511   Thumb Code    50  my_nrf24.o(i.NRF24_write_payload)
    NRF24_write_register                     0x08002549   Thumb Code    44  my_nrf24.o(i.NRF24_write_register)
    NRF24_write_registerN                    0x08002579   Thumb Code    54  my_nrf24.o(i.NRF24_write_registerN)
    PendSV_Handler                           0x080025b5   Thumb Code     2  stm32f1xx_it.o(i.PendSV_Handler)
    SVC_Handler                              0x080026ed   Thumb Code     2  stm32f1xx_it.o(i.SVC_Handler)
    SysTick_Handler                          0x080026ef   Thumb Code     4  stm32f1xx_it.o(i.SysTick_Handler)
    SystemClock_Config                       0x080026f3   Thumb Code   120  main.o(i.SystemClock_Config)
    SystemInit                               0x0800276b   Thumb Code     2  system_stm32f1xx.o(i.SystemInit)
    TIM_Base_SetConfig                       0x0800276d   Thumb Code    94  stm32f1xx_hal_tim.o(i.TIM_Base_SetConfig)
    TIM_ETR_SetConfig                        0x080027d9   Thumb Code    20  stm32f1xx_hal_tim.o(i.TIM_ETR_SetConfig)
    UsageFault_Handler                       0x08002843   Thumb Code     2  stm32f1xx_it.o(i.UsageFault_Handler)
    __ARM_fpclassify                         0x08002845   Thumb Code    40  fpclassify.o(i.__ARM_fpclassify)
    __kernel_poly                            0x0800288d   Thumb Code   170  poly.o(i.__kernel_poly)
    __mathlib_dbl_divzero                    0x08002939   Thumb Code    12  dunder.o(i.__mathlib_dbl_divzero)
    __mathlib_dbl_infnan2                    0x08002949   Thumb Code     4  dunder.o(i.__mathlib_dbl_infnan2)
    __mathlib_dbl_invalid                    0x0800294d   Thumb Code    12  dunder.o(i.__mathlib_dbl_invalid)
    __mathlib_dbl_overflow                   0x08002959   Thumb Code    14  dunder.o(i.__mathlib_dbl_overflow)
    __mathlib_dbl_underflow                  0x08002969   Thumb Code    10  dunder.o(i.__mathlib_dbl_underflow)
    main                                     0x08002979   Thumb Code   348  main.o(i.main)
    pow                                      0x08002aed   Thumb Code  2512  pow.o(i.pow)
    sqrt                                     0x080034c5   Thumb Code    76  sqrt.o(i.sqrt)
    __aeabi_d2f                              0x08003511   Thumb Code     0  d2f.o(x$fpl$d2f)
    _d2f                                     0x08003511   Thumb Code    98  d2f.o(x$fpl$d2f)
    __aeabi_dadd                             0x08003575   Thumb Code     0  daddsub_clz.o(x$fpl$dadd)
    _dadd                                    0x08003575   Thumb Code   332  daddsub_clz.o(x$fpl$dadd)
    __fpl_dcheck_NaN1                        0x080036c5   Thumb Code    10  dcheck1.o(x$fpl$dcheck1)
    __fpl_dcmp_Inf                           0x080036d5   Thumb Code    24  dcmpi.o(x$fpl$dcmpinf)
    __aeabi_ddiv                             0x080036ed   Thumb Code     0  ddiv.o(x$fpl$ddiv)
    _ddiv                                    0x080036ed   Thumb Code   552  ddiv.o(x$fpl$ddiv)
    __aeabi_i2d                              0x0800399d   Thumb Code     0  dflt_clz.o(x$fpl$dflt)
    _dflt                                    0x0800399d   Thumb Code    46  dflt_clz.o(x$fpl$dflt)
    __aeabi_cdcmple                          0x080039cd   Thumb Code     0  dleqf.o(x$fpl$dleqf)
    _dcmple                                  0x080039cd   Thumb Code   120  dleqf.o(x$fpl$dleqf)
    __fpl_dcmple_InfNaN                      0x08003a2f   Thumb Code     0  dleqf.o(x$fpl$dleqf)
    __aeabi_dmul                             0x08003a45   Thumb Code     0  dmul.o(x$fpl$dmul)
    _dmul                                    0x08003a45   Thumb Code   332  dmul.o(x$fpl$dmul)
    __fpl_dnaninf                            0x08003b99   Thumb Code   156  dnaninf.o(x$fpl$dnaninf)
    __fpl_dretinf                            0x08003c35   Thumb Code    12  dretinf.o(x$fpl$dretinf)
    __aeabi_cdrcmple                         0x08003c41   Thumb Code     0  drleqf.o(x$fpl$drleqf)
    _drcmple                                 0x08003c41   Thumb Code   108  drleqf.o(x$fpl$drleqf)
    __aeabi_drsub                            0x08003cad   Thumb Code     0  daddsub_clz.o(x$fpl$drsb)
    _drsb                                    0x08003cad   Thumb Code    22  daddsub_clz.o(x$fpl$drsb)
    _dsqrt                                   0x08003cc5   Thumb Code   456  dsqrt_noumaal.o(x$fpl$dsqrt)
    __aeabi_dsub                             0x08003e91   Thumb Code     0  daddsub_clz.o(x$fpl$dsub)
    _dsub                                    0x08003e91   Thumb Code   464  daddsub_clz.o(x$fpl$dsub)
    __aeabi_f2d                              0x08004065   Thumb Code     0  f2d.o(x$fpl$f2d)
    _f2d                                     0x08004065   Thumb Code    86  f2d.o(x$fpl$f2d)
    __aeabi_fadd                             0x080040bd   Thumb Code     0  faddsub_clz.o(x$fpl$fadd)
    _fadd                                    0x080040bd   Thumb Code   196  faddsub_clz.o(x$fpl$fadd)
    __aeabi_fdiv                             0x08004181   Thumb Code     0  fdiv.o(x$fpl$fdiv)
    _fdiv                                    0x08004181   Thumb Code   384  fdiv.o(x$fpl$fdiv)
    __aeabi_i2f                              0x08004305   Thumb Code     0  fflt_clz.o(x$fpl$fflt)
    _fflt                                    0x08004305   Thumb Code    48  fflt_clz.o(x$fpl$fflt)
    __aeabi_fmul                             0x08004335   Thumb Code     0  fmul.o(x$fpl$fmul)
    _fmul                                    0x08004335   Thumb Code   258  fmul.o(x$fpl$fmul)
    __fpl_fnaninf                            0x08004437   Thumb Code   140  fnaninf.o(x$fpl$fnaninf)
    __fpl_fretinf                            0x080044c3   Thumb Code    10  fretinf.o(x$fpl$fretinf)
    __aeabi_fsub                             0x080044cd   Thumb Code     0  faddsub_clz.o(x$fpl$fsub)
    _fsub                                    0x080044cd   Thumb Code   234  faddsub_clz.o(x$fpl$fsub)
    __fpl_return_NaN                         0x080045b7   Thumb Code   100  retnan.o(x$fpl$retnan)
    __ARM_scalbn                             0x0800461b   Thumb Code    92  scalbn.o(x$fpl$scalbn)
    __fpl_cmpreturn                          0x08004677   Thumb Code    48  trapv.o(x$fpl$trapveneer)
    __I$use$fp                               0x080046a6   Number         0  usenofp.o(x$fpl$usenofp)
    AHBPrescTable                            0x080046b8   Data          16  system_stm32f1xx.o(.constdata)
    __mathlib_zero                           0x08004750   Data           8  qnan.o(.constdata)
    Region$$Table$$Base                      0x08004758   Number         0  anon$$obj.o(Region$$Table)
    Region$$Table$$Limit                     0x08004778   Number         0  anon$$obj.o(Region$$Table)
    Buffer_ADC                               0x20000000   Data           2  main.o(.data)
    lastDelay                                0x20000004   Data           4  main.o(.data)
    uwTickFreq                               0x20000008   Data           1  stm32f1xx_hal.o(.data)
    uwTickPrio                               0x2000000c   Data           4  stm32f1xx_hal.o(.data)
    uwTick                                   0x20000010   Data           4  stm32f1xx_hal.o(.data)
    SystemCoreClock                          0x20000014   Data           4  system_stm32f1xx.o(.data)
    hadc1                                    0x20000040   Data          48  main.o(.bss)
    hspi2                                    0x20000070   Data          88  main.o(.bss)
    htim4                                    0x200000c8   Data          72  main.o(.bss)
    buffer                                   0x20000110   Data          32  main.o(.bss)
    hdma_adc1                                0x20000130   Data          68  main.o(.bss)
    __libspace_start                         0x200001cc   Data          96  libspace.o(.bss)
    __temporary_stack_top$libspace           0x2000022c   Data           0  libspace.o(.bss)



==============================================================================

Memory Map of the image

  Image Entry point : 0x080000ed

  Load Region LR_IROM1 (Base: 0x08000000, Size: 0x000047b8, Max: 0x00010000, ABSOLUTE)

    Execution Region ER_IROM1 (Exec base: 0x08000000, Load base: 0x08000000, Size: 0x00004778, Max: 0x00010000, ABSOLUTE)

    Exec Addr    Load Addr    Size         Type   Attr      Idx    E Section Name        Object

    0x08000000   0x08000000   0x000000ec   Data   RO            3    RESET               startup_stm32f103xb.o
    0x080000ec   0x080000ec   0x00000008   Code   RO         3412  * !!!main             c_w.l(__main.o)
    0x080000f4   0x080000f4   0x00000034   Code   RO         3678    !!!scatter          c_w.l(__scatter.o)
    0x08000128   0x08000128   0x0000001a   Code   RO         3680    !!handler_copy      c_w.l(__scatter_copy.o)
    0x08000142   0x08000142   0x00000002   PAD
    0x08000144   0x08000144   0x0000001c   Code   RO         3682    !!handler_zi        c_w.l(__scatter_zi.o)
    0x08000160   0x08000160   0x00000002   Code   RO         3545    .ARM.Collect$$libinit$$00000000  c_w.l(libinit.o)
    0x08000162   0x08000162   0x00000000   Code   RO         3553    .ARM.Collect$$libinit$$00000002  c_w.l(libinit2.o)
    0x08000162   0x08000162   0x00000000   Code   RO         3555    .ARM.Collect$$libinit$$00000004  c_w.l(libinit2.o)
    0x08000162   0x08000162   0x00000000   Code   RO         3558    .ARM.Collect$$libinit$$0000000A  c_w.l(libinit2.o)
    0x08000162   0x08000162   0x00000000   Code   RO         3560    .ARM.Collect$$libinit$$0000000C  c_w.l(libinit2.o)
    0x08000162   0x08000162   0x00000000   Code   RO         3562    .ARM.Collect$$libinit$$0000000E  c_w.l(libinit2.o)
    0x08000162   0x08000162   0x00000000   Code   RO         3565    .ARM.Collect$$libinit$$00000011  c_w.l(libinit2.o)
    0x08000162   0x08000162   0x00000000   Code   RO         3567    .ARM.Collect$$libinit$$00000013  c_w.l(libinit2.o)
    0x08000162   0x08000162   0x00000000   Code   RO         3569    .ARM.Collect$$libinit$$00000015  c_w.l(libinit2.o)
    0x08000162   0x08000162   0x00000000   Code   RO         3571    .ARM.Collect$$libinit$$00000017  c_w.l(libinit2.o)
    0x08000162   0x08000162   0x00000000   Code   RO         3573    .ARM.Collect$$libinit$$00000019  c_w.l(libinit2.o)
    0x08000162   0x08000162   0x00000000   Code   RO         3575    .ARM.Collect$$libinit$$0000001B  c_w.l(libinit2.o)
    0x08000162   0x08000162   0x00000000   Code   RO         3577    .ARM.Collect$$libinit$$0000001D  c_w.l(libinit2.o)
    0x08000162   0x08000162   0x00000000   Code   RO         3579    .ARM.Collect$$libinit$$0000001F  c_w.l(libinit2.o)
    0x08000162   0x08000162   0x00000000   Code   RO         3581    .ARM.Collect$$libinit$$00000021  c_w.l(libinit2.o)
    0x08000162   0x08000162   0x00000000   Code   RO         3583    .ARM.Collect$$libinit$$00000023  c_w.l(libinit2.o)
    0x08000162   0x08000162   0x00000000   Code   RO         3585    .ARM.Collect$$libinit$$00000025  c_w.l(libinit2.o)
    0x08000162   0x08000162   0x00000000   Code   RO         3589    .ARM.Collect$$libinit$$0000002C  c_w.l(libinit2.o)
    0x08000162   0x08000162   0x00000000   Code   RO         3591    .ARM.Collect$$libinit$$0000002E  c_w.l(libinit2.o)
    0x08000162   0x08000162   0x00000000   Code   RO         3593    .ARM.Collect$$libinit$$00000030  c_w.l(libinit2.o)
    0x08000162   0x08000162   0x00000000   Code   RO         3595    .ARM.Collect$$libinit$$00000032  c_w.l(libinit2.o)
    0x08000162   0x08000162   0x00000002   Code   RO         3596    .ARM.Collect$$libinit$$00000033  c_w.l(libinit2.o)
    0x08000164   0x08000164   0x00000002   Code   RO         3618    .ARM.Collect$$libshutdown$$00000000  c_w.l(libshutdown.o)
    0x08000166   0x08000166   0x00000000   Code   RO         3631    .ARM.Collect$$libshutdown$$00000002  c_w.l(libshutdown2.o)
    0x08000166   0x08000166   0x00000000   Code   RO         3633    .ARM.Collect$$libshutdown$$00000004  c_w.l(libshutdown2.o)
    0x08000166   0x08000166   0x00000000   Code   RO         3636    .ARM.Collect$$libshutdown$$00000007  c_w.l(libshutdown2.o)
    0x08000166   0x08000166   0x00000000   Code   RO         3639    .ARM.Collect$$libshutdown$$0000000A  c_w.l(libshutdown2.o)
    0x08000166   0x08000166   0x00000000   Code   RO         3641    .ARM.Collect$$libshutdown$$0000000C  c_w.l(libshutdown2.o)
    0x08000166   0x08000166   0x00000000   Code   RO         3644    .ARM.Collect$$libshutdown$$0000000F  c_w.l(libshutdown2.o)
    0x08000166   0x08000166   0x00000002   Code   RO         3645    .ARM.Collect$$libshutdown$$00000010  c_w.l(libshutdown2.o)
    0x08000168   0x08000168   0x00000000   Code   RO         3464    .ARM.Collect$$rtentry$$00000000  c_w.l(__rtentry.o)
    0x08000168   0x08000168   0x00000000   Code   RO         3508    .ARM.Collect$$rtentry$$00000002  c_w.l(__rtentry2.o)
    0x08000168   0x08000168   0x00000006   Code   RO         3520    .ARM.Collect$$rtentry$$00000004  c_w.l(__rtentry4.o)
    0x0800016e   0x0800016e   0x00000000   Code   RO         3510    .ARM.Collect$$rtentry$$00000009  c_w.l(__rtentry2.o)
    0x0800016e   0x0800016e   0x00000004   Code   RO         3511    .ARM.Collect$$rtentry$$0000000A  c_w.l(__rtentry2.o)
    0x08000172   0x08000172   0x00000000   Code   RO         3513    .ARM.Collect$$rtentry$$0000000C  c_w.l(__rtentry2.o)
    0x08000172   0x08000172   0x00000008   Code   RO         3514    .ARM.Collect$$rtentry$$0000000D  c_w.l(__rtentry2.o)
    0x0800017a   0x0800017a   0x00000002   Code   RO         3550    .ARM.Collect$$rtexit$$00000000  c_w.l(rtexit.o)
    0x0800017c   0x0800017c   0x00000000   Code   RO         3600    .ARM.Collect$$rtexit$$00000002  c_w.l(rtexit2.o)
    0x0800017c   0x0800017c   0x00000004   Code   RO         3601    .ARM.Collect$$rtexit$$00000003  c_w.l(rtexit2.o)
    0x08000180   0x08000180   0x00000006   Code   RO         3602    .ARM.Collect$$rtexit$$00000004  c_w.l(rtexit2.o)
    0x08000186   0x08000186   0x00000002   PAD
    0x08000188   0x08000188   0x00000040   Code   RO            4    .text               startup_stm32f103xb.o
    0x080001c8   0x080001c8   0x00000064   Code   RO         3406    .text               c_w.l(rt_memcpy_w.o)
    0x0800022c   0x0800022c   0x0000004e   Code   RO         3408    .text               c_w.l(rt_memclr_w.o)
    0x0800027a   0x0800027a   0x00000006   Code   RO         3410    .text               c_w.l(heapauxi.o)
    0x08000280   0x08000280   0x00000016   Code   RO         3465    .text               c_w.l(_rserrno.o)
    0x08000296   0x08000296   0x00000002   PAD
    0x08000298   0x08000298   0x00000008   Code   RO         3525    .text               c_w.l(rt_errno_addr_intlibspace.o)
    0x080002a0   0x080002a0   0x00000008   Code   RO         3533    .text               c_w.l(libspace.o)
    0x080002a8   0x080002a8   0x0000004a   Code   RO         3536    .text               c_w.l(sys_stackheap_outer.o)
    0x080002f2   0x080002f2   0x00000012   Code   RO         3538    .text               c_w.l(exit.o)
    0x08000304   0x08000304   0x0000000c   Code   RO         3610    .text               c_w.l(sys_exit.o)
    0x08000310   0x08000310   0x00000002   Code   RO         3621    .text               c_w.l(use_no_semi.o)
    0x08000312   0x08000312   0x00000000   Code   RO         3623    .text               c_w.l(indicate_semi.o)
    0x08000312   0x08000312   0x00000002   PAD
    0x08000314   0x08000314   0x00000056   Code   RO          373    i.ADC_ConversionStop_Disable  stm32f1xx_hal_adc.o
    0x0800036a   0x0800036a   0x0000004e   Code   RO          374    i.ADC_DMAConvCplt   stm32f1xx_hal_adc.o
    0x080003b8   0x080003b8   0x0000001a   Code   RO          375    i.ADC_DMAError      stm32f1xx_hal_adc.o
    0x080003d2   0x080003d2   0x0000000a   Code   RO          376    i.ADC_DMAHalfConvCplt  stm32f1xx_hal_adc.o
    0x080003dc   0x080003dc   0x0000007c   Code   RO          377    i.ADC_Enable        stm32f1xx_hal_adc.o
    0x08000458   0x08000458   0x00000002   Code   RO          194    i.BusFault_Handler  stm32f1xx_it.o
    0x0800045a   0x0800045a   0x00000002   PAD
    0x0800045c   0x0800045c   0x00000024   Code   RO         2989    i.DHT22_Humidity    dht22.o
    0x08000480   0x08000480   0x000000ac   Code   RO         2990    i.DHT22_Read        dht22.o
    0x0800052c   0x0800052c   0x000000ac   Code   RO         2991    i.DHT22_Start       dht22.o
    0x080005d8   0x080005d8   0x0000003c   Code   RO         2992    i.DHT22_Temperature  dht22.o
    0x08000614   0x08000614   0x0000000c   Code   RO          195    i.DMA1_Channel1_IRQHandler  stm32f1xx_it.o
    0x08000620   0x08000620   0x0000002a   Code   RO         1029    i.DMA_SetConfig     stm32f1xx_hal_dma.o
    0x0800064a   0x0800064a   0x00000002   Code   RO          196    i.DebugMon_Handler  stm32f1xx_it.o
    0x0800064c   0x0800064c   0x00000018   Code   RO         2960    i.Delay_us          delay.o
    0x08000664   0x08000664   0x00000004   Code   RO           13    i.Error_Handler     main.o
    0x08000668   0x08000668   0x000000fc   Code   RO          379    i.HAL_ADC_ConfigChannel  stm32f1xx_hal_adc.o
    0x08000764   0x08000764   0x00000002   Code   RO          380    i.HAL_ADC_ConvCpltCallback  stm32f1xx_hal_adc.o
    0x08000766   0x08000766   0x00000002   Code   RO          381    i.HAL_ADC_ConvHalfCpltCallback  stm32f1xx_hal_adc.o
    0x08000768   0x08000768   0x00000002   Code   RO          383    i.HAL_ADC_ErrorCallback  stm32f1xx_hal_adc.o
    0x0800076a   0x0800076a   0x00000002   PAD
    0x0800076c   0x0800076c   0x0000011c   Code   RO          388    i.HAL_ADC_Init      stm32f1xx_hal_adc.o
    0x08000888   0x08000888   0x00000090   Code   RO          277    i.HAL_ADC_MspInit   stm32f1xx_hal_msp.o
    0x08000918   0x08000918   0x0000010c   Code   RO          395    i.HAL_ADC_Start_DMA  stm32f1xx_hal_adc.o
    0x08000a24   0x08000a24   0x00000154   Code   RO         1035    i.HAL_DMA_IRQHandler  stm32f1xx_hal_dma.o
    0x08000b78   0x08000b78   0x0000005c   Code   RO         1036    i.HAL_DMA_Init      stm32f1xx_hal_dma.o
    0x08000bd4   0x08000bd4   0x00000070   Code   RO         1040    i.HAL_DMA_Start_IT  stm32f1xx_hal_dma.o
    0x08000c44   0x08000c44   0x00000024   Code   RO          656    i.HAL_Delay         stm32f1xx_hal.o
    0x08000c68   0x08000c68   0x000001e0   Code   RO          966    i.HAL_GPIO_Init     stm32f1xx_hal_gpio.o
    0x08000e48   0x08000e48   0x0000000a   Code   RO          968    i.HAL_GPIO_ReadPin  stm32f1xx_hal_gpio.o
    0x08000e52   0x08000e52   0x0000000a   Code   RO          970    i.HAL_GPIO_WritePin  stm32f1xx_hal_gpio.o
    0x08000e5c   0x08000e5c   0x0000000c   Code   RO          660    i.HAL_GetTick       stm32f1xx_hal.o
    0x08000e68   0x08000e68   0x00000010   Code   RO          666    i.HAL_IncTick       stm32f1xx_hal.o
    0x08000e78   0x08000e78   0x00000024   Code   RO          667    i.HAL_Init          stm32f1xx_hal.o
    0x08000e9c   0x08000e9c   0x00000040   Code   RO          668    i.HAL_InitTick      stm32f1xx_hal.o
    0x08000edc   0x08000edc   0x0000003c   Code   RO          278    i.HAL_MspInit       stm32f1xx_hal_msp.o
    0x08000f18   0x08000f18   0x0000001a   Code   RO         1126    i.HAL_NVIC_EnableIRQ  stm32f1xx_hal_cortex.o
    0x08000f32   0x08000f32   0x00000002   PAD
    0x08000f34   0x08000f34   0x00000040   Code   RO         1132    i.HAL_NVIC_SetPriority  stm32f1xx_hal_cortex.o
    0x08000f74   0x08000f74   0x00000024   Code   RO         1133    i.HAL_NVIC_SetPriorityGrouping  stm32f1xx_hal_cortex.o
    0x08000f98   0x08000f98   0x000000ec   Code   RO          928    i.HAL_RCCEx_PeriphCLKConfig  stm32f1xx_hal_rcc_ex.o
    0x08001084   0x08001084   0x0000012c   Code   RO          824    i.HAL_RCC_ClockConfig  stm32f1xx_hal_rcc.o
    0x080011b0   0x080011b0   0x0000004c   Code   RO          833    i.HAL_RCC_GetSysClockFreq  stm32f1xx_hal_rcc.o
    0x080011fc   0x080011fc   0x00000320   Code   RO          836    i.HAL_RCC_OscConfig  stm32f1xx_hal_rcc.o
    0x0800151c   0x0800151c   0x000000b2   Code   RO         1637    i.HAL_SPI_Init      stm32f1xx_hal_spi.o
    0x080015ce   0x080015ce   0x00000002   PAD
    0x080015d0   0x080015d0   0x00000074   Code   RO          280    i.HAL_SPI_MspInit   stm32f1xx_hal_msp.o
    0x08001644   0x08001644   0x00000156   Code   RO         1640    i.HAL_SPI_Receive   stm32f1xx_hal_spi.o
    0x0800179a   0x0800179a   0x0000016e   Code   RO         1645    i.HAL_SPI_Transmit  stm32f1xx_hal_spi.o
    0x08001908   0x08001908   0x000001ee   Code   RO         1646    i.HAL_SPI_TransmitReceive  stm32f1xx_hal_spi.o
    0x08001af6   0x08001af6   0x00000028   Code   RO         1137    i.HAL_SYSTICK_Config  stm32f1xx_hal_cortex.o
    0x08001b1e   0x08001b1e   0x00000002   PAD
    0x08001b20   0x08001b20   0x00000068   Code   RO         2673    i.HAL_TIMEx_MasterConfigSynchronization  stm32f1xx_hal_tim_ex.o
    0x08001b88   0x08001b88   0x0000005a   Code   RO         1950    i.HAL_TIM_Base_Init  stm32f1xx_hal_tim.o
    0x08001be2   0x08001be2   0x00000002   PAD
    0x08001be4   0x08001be4   0x00000028   Code   RO          282    i.HAL_TIM_Base_MspInit  stm32f1xx_hal_msp.o
    0x08001c0c   0x08001c0c   0x00000050   Code   RO         1953    i.HAL_TIM_Base_Start  stm32f1xx_hal_tim.o
    0x08001c5c   0x08001c5c   0x000000dc   Code   RO         1959    i.HAL_TIM_ConfigClockSource  stm32f1xx_hal_tim.o
    0x08001d38   0x08001d38   0x00000002   Code   RO          197    i.HardFault_Handler  stm32f1xx_it.o
    0x08001d3a   0x08001d3a   0x00000002   PAD
    0x08001d3c   0x08001d3c   0x00000044   Code   RO         3037    i.MQ135_GetPPM      mq135.o
    0x08001d80   0x08001d80   0x0000003c   Code   RO         3039    i.MQ135_GetResistance  mq135.o
    0x08001dbc   0x08001dbc   0x00000050   Code   RO           14    i.MX_ADC1_Init      main.o
    0x08001e0c   0x08001e0c   0x00000094   Code   RO           15    i.MX_GPIO_Init      main.o
    0x08001ea0   0x08001ea0   0x00000040   Code   RO           16    i.MX_SPI2_Init      main.o
    0x08001ee0   0x08001ee0   0x00000068   Code   RO           17    i.MX_TIM4_Init      main.o
    0x08001f48   0x08001f48   0x00000002   Code   RO          198    i.MemManage_Handler  stm32f1xx_it.o
    0x08001f4a   0x08001f4a   0x00000002   Code   RO          199    i.NMI_Handler       stm32f1xx_it.o
    0x08001f4c   0x08001f4c   0x0000002c   Code   RO         3097    i.NRF24_ACTIVATE_cmd  my_nrf24.o
    0x08001f78   0x08001f78   0x00000006   Code   RO         3098    i.NRF24_Available   my_nrf24.o
    0x08001f7e   0x08001f7e   0x00000030   Code   RO         3099    i.NRF24_AvailablePipe  my_nrf24.o
    0x08001fae   0x08001fae   0x00000002   PAD
    0x08001fb0   0x08001fb0   0x0000018c   Code   RO         3100    i.NRF24_Begin       my_nrf24.o
    0x0800213c   0x0800213c   0x00000028   Code   RO         3103    i.NRF24_DisableDynamicPayloads  my_nrf24.o
    0x08002164   0x08002164   0x00000006   Code   RO         3109    i.NRF24_GetDynamicPayloadSize  my_nrf24.o
    0x0800216a   0x0800216a   0x00000002   PAD
    0x0800216c   0x0800216c   0x0000002c   Code   RO         3115    i.NRF24_OpenWritingPipe  my_nrf24.o
    0x08002198   0x08002198   0x00000016   Code   RO         3116    i.NRF24_PowerDown   my_nrf24.o
    0x080021ae   0x080021ae   0x00000024   Code   RO         3118    i.NRF24_Read        my_nrf24.o
    0x080021d2   0x080021d2   0x00000008   Code   RO         3119    i.NRF24_ResetStatus  my_nrf24.o
    0x080021da   0x080021da   0x0000000e   Code   RO         3120    i.NRF24_SetAutoAck  my_nrf24.o
    0x080021e8   0x080021e8   0x00000028   Code   RO         3122    i.NRF24_SetCRCLength  my_nrf24.o
    0x08002210   0x08002210   0x0000000e   Code   RO         3123    i.NRF24_SetChannel  my_nrf24.o
    0x0800221e   0x0800221e   0x00000002   PAD
    0x08002220   0x08002220   0x0000005c   Code   RO         3124    i.NRF24_SetDataRate  my_nrf24.o
    0x0800227c   0x0800227c   0x0000003c   Code   RO         3125    i.NRF24_SetPALevel  my_nrf24.o
    0x080022b8   0x080022b8   0x00000010   Code   RO         3126    i.NRF24_SetPayloadSize  my_nrf24.o
    0x080022c8   0x080022c8   0x0000000e   Code   RO         3127    i.NRF24_SetRetries  my_nrf24.o
    0x080022d6   0x080022d6   0x00000002   PAD
    0x080022d8   0x080022d8   0x00000044   Code   RO         3128    i.NRF24_StartListening  my_nrf24.o
    0x0800231c   0x0800231c   0x0000004a   Code   RO         3129    i.NRF24_StartWrite  my_nrf24.o
    0x08002366   0x08002366   0x00000014   Code   RO         3130    i.NRF24_StopListening  my_nrf24.o
    0x0800237a   0x0800237a   0x00000032   Code   RO         3133    i.NRF24_WhatHappened  my_nrf24.o
    0x080023ac   0x080023ac   0x00000064   Code   RO         3134    i.NRF24_Write       my_nrf24.o
    0x08002410   0x08002410   0x00000014   Code   RO         3136    i.NRF24_ce          my_nrf24.o
    0x08002424   0x08002424   0x00000014   Code   RO         3137    i.NRF24_csn         my_nrf24.o
    0x08002438   0x08002438   0x00000008   Code   RO         3138    i.NRF24_flush_rx    my_nrf24.o
    0x08002440   0x08002440   0x00000008   Code   RO         3139    i.NRF24_flush_tx    my_nrf24.o
    0x08002448   0x08002448   0x00000006   Code   RO         3140    i.NRF24_get_status  my_nrf24.o
    0x0800244e   0x0800244e   0x00000002   PAD
    0x08002450   0x08002450   0x00000044   Code   RO         3141    i.NRF24_read_payload  my_nrf24.o
    0x08002494   0x08002494   0x00000040   Code   RO         3142    i.NRF24_read_register  my_nrf24.o
    0x080024d4   0x080024d4   0x0000003c   Code   RO         3143    i.NRF24_read_registerN  my_nrf24.o
    0x08002510   0x08002510   0x00000038   Code   RO         3144    i.NRF24_write_payload  my_nrf24.o
    0x08002548   0x08002548   0x00000030   Code   RO         3145    i.NRF24_write_register  my_nrf24.o
    0x08002578   0x08002578   0x0000003c   Code   RO         3146    i.NRF24_write_registerN  my_nrf24.o
    0x080025b4   0x080025b4   0x00000002   Code   RO          200    i.PendSV_Handler    stm32f1xx_it.o
    0x080025b6   0x080025b6   0x0000005c   Code   RO         1674    i.SPI_EndRxTransaction  stm32f1xx_hal_spi.o
    0x08002612   0x08002612   0x00000020   Code   RO         1675    i.SPI_EndRxTxTransaction  stm32f1xx_hal_spi.o
    0x08002632   0x08002632   0x00000002   PAD
    0x08002634   0x08002634   0x000000b8   Code   RO         1680    i.SPI_WaitFlagStateUntilTimeout  stm32f1xx_hal_spi.o
    0x080026ec   0x080026ec   0x00000002   Code   RO          201    i.SVC_Handler       stm32f1xx_it.o
    0x080026ee   0x080026ee   0x00000004   Code   RO          202    i.SysTick_Handler   stm32f1xx_it.o
    0x080026f2   0x080026f2   0x00000078   Code   RO           18    i.SystemClock_Config  main.o
    0x0800276a   0x0800276a   0x00000002   Code   RO         2922    i.SystemInit        system_stm32f1xx.o
    0x0800276c   0x0800276c   0x0000006c   Code   RO         2043    i.TIM_Base_SetConfig  stm32f1xx_hal_tim.o
    0x080027d8   0x080027d8   0x00000014   Code   RO         2054    i.TIM_ETR_SetConfig  stm32f1xx_hal_tim.o
    0x080027ec   0x080027ec   0x00000010   Code   RO         2055    i.TIM_ITRx_SetConfig  stm32f1xx_hal_tim.o
    0x080027fc   0x080027fc   0x00000022   Code   RO         2061    i.TIM_TI1_ConfigInputStage  stm32f1xx_hal_tim.o
    0x0800281e   0x0800281e   0x00000024   Code   RO         2063    i.TIM_TI2_ConfigInputStage  stm32f1xx_hal_tim.o
    0x08002842   0x08002842   0x00000002   Code   RO          203    i.UsageFault_Handler  stm32f1xx_it.o
    0x08002844   0x08002844   0x00000028   Code   RO         3494    i.__ARM_fpclassify  m_ws.l(fpclassify.o)
    0x0800286c   0x0800286c   0x00000020   Code   RO         1139    i.__NVIC_SetPriority  stm32f1xx_hal_cortex.o
    0x0800288c   0x0800288c   0x000000aa   Code   RO         3496    i.__kernel_poly     m_ws.l(poly.o)
    0x08002936   0x08002936   0x00000002   PAD
    0x08002938   0x08002938   0x00000010   Code   RO         3480    i.__mathlib_dbl_divzero  m_ws.l(dunder.o)
    0x08002948   0x08002948   0x00000004   Code   RO         3482    i.__mathlib_dbl_infnan2  m_ws.l(dunder.o)
    0x0800294c   0x0800294c   0x0000000c   Code   RO         3483    i.__mathlib_dbl_invalid  m_ws.l(dunder.o)
    0x08002958   0x08002958   0x0000000e   Code   RO         3484    i.__mathlib_dbl_overflow  m_ws.l(dunder.o)
    0x08002966   0x08002966   0x00000002   PAD
    0x08002968   0x08002968   0x00000010   Code   RO         3486    i.__mathlib_dbl_underflow  m_ws.l(dunder.o)
    0x08002978   0x08002978   0x00000174   Code   RO           19    i.main              main.o
    0x08002aec   0x08002aec   0x000009d8   Code   RO         3455    i.pow               m_ws.l(pow.o)
    0x080034c4   0x080034c4   0x0000004c   Code   RO         3500    i.sqrt              m_ws.l(sqrt.o)
    0x08003510   0x08003510   0x00000062   Code   RO         3414    x$fpl$d2f           fz_ws.l(d2f.o)
    0x08003572   0x08003572   0x00000002   PAD
    0x08003574   0x08003574   0x00000150   Code   RO         3416    x$fpl$dadd          fz_ws.l(daddsub_clz.o)
    0x080036c4   0x080036c4   0x00000010   Code   RO         3527    x$fpl$dcheck1       fz_ws.l(dcheck1.o)
    0x080036d4   0x080036d4   0x00000018   Code   RO         3546    x$fpl$dcmpinf       fz_ws.l(dcmpi.o)
    0x080036ec   0x080036ec   0x000002b0   Code   RO         3423    x$fpl$ddiv          fz_ws.l(ddiv.o)
    0x0800399c   0x0800399c   0x0000002e   Code   RO         3427    x$fpl$dflt          fz_ws.l(dflt_clz.o)
    0x080039ca   0x080039ca   0x00000002   PAD
    0x080039cc   0x080039cc   0x00000078   Code   RO         3529    x$fpl$dleqf         fz_ws.l(dleqf.o)
    0x08003a44   0x08003a44   0x00000154   Code   RO         3432    x$fpl$dmul          fz_ws.l(dmul.o)
    0x08003b98   0x08003b98   0x0000009c   Code   RO         3467    x$fpl$dnaninf       fz_ws.l(dnaninf.o)
    0x08003c34   0x08003c34   0x0000000c   Code   RO         3469    x$fpl$dretinf       fz_ws.l(dretinf.o)
    0x08003c40   0x08003c40   0x0000006c   Code   RO         3471    x$fpl$drleqf        fz_ws.l(drleqf.o)
    0x08003cac   0x08003cac   0x00000016   Code   RO         3417    x$fpl$drsb          fz_ws.l(daddsub_clz.o)
    0x08003cc2   0x08003cc2   0x00000002   PAD
    0x08003cc4   0x08003cc4   0x000001cc   Code   RO         3531    x$fpl$dsqrt         fz_ws.l(dsqrt_noumaal.o)
    0x08003e90   0x08003e90   0x000001d4   Code   RO         3418    x$fpl$dsub          fz_ws.l(daddsub_clz.o)
    0x08004064   0x08004064   0x00000056   Code   RO         3434    x$fpl$f2d           fz_ws.l(f2d.o)
    0x080040ba   0x080040ba   0x00000002   PAD
    0x080040bc   0x080040bc   0x000000c4   Code   RO         3436    x$fpl$fadd          fz_ws.l(faddsub_clz.o)
    0x08004180   0x08004180   0x00000184   Code   RO         3443    x$fpl$fdiv          fz_ws.l(fdiv.o)
    0x08004304   0x08004304   0x00000030   Code   RO         3447    x$fpl$fflt          fz_ws.l(fflt_clz.o)
    0x08004334   0x08004334   0x00000102   Code   RO         3452    x$fpl$fmul          fz_ws.l(fmul.o)
    0x08004436   0x08004436   0x0000008c   Code   RO         3473    x$fpl$fnaninf       fz_ws.l(fnaninf.o)
    0x080044c2   0x080044c2   0x0000000a   Code   RO         3475    x$fpl$fretinf       fz_ws.l(fretinf.o)
    0x080044cc   0x080044cc   0x000000ea   Code   RO         3438    x$fpl$fsub          fz_ws.l(faddsub_clz.o)
    0x080045b6   0x080045b6   0x00000064   Code   RO         3548    x$fpl$retnan        fz_ws.l(retnan.o)
    0x0800461a   0x0800461a   0x0000005c   Code   RO         3477    x$fpl$scalbn        fz_ws.l(scalbn.o)
    0x08004676   0x08004676   0x00000030   Code   RO         3597    x$fpl$trapveneer    fz_ws.l(trapv.o)
    0x080046a6   0x080046a6   0x00000000   Code   RO         3479    x$fpl$usenofp       fz_ws.l(usenofp.o)
    0x080046a6   0x080046a6   0x00000012   Data   RO          837    .constdata          stm32f1xx_hal_rcc.o
    0x080046b8   0x080046b8   0x00000010   Data   RO         2923    .constdata          system_stm32f1xx.o
    0x080046c8   0x080046c8   0x00000088   Data   RO         3456    .constdata          m_ws.l(pow.o)
    0x08004750   0x08004750   0x00000008   Data   RO         3498    .constdata          m_ws.l(qnan.o)
    0x08004758   0x08004758   0x00000020   Data   RO         3676    Region$$Table       anon$$obj.o


    Execution Region RW_IRAM1 (Exec base: 0x20000000, Load base: 0x08004778, Size: 0x00000830, Max: 0x00005000, ABSOLUTE)

    Exec Addr    Load Addr    Size         Type   Attr      Idx    E Section Name        Object

    0x20000000   0x08004778   0x00000008   Data   RW           23    .data               main.o
    0x20000008   0x08004780   0x0000000c   Data   RW          674    .data               stm32f1xx_hal.o
    0x20000014   0x0800478c   0x00000004   Data   RW         2925    .data               system_stm32f1xx.o
    0x20000018   0x08004790   0x00000009   Data   RW         2993    .data               dht22.o
    0x20000021   0x08004799   0x00000007   PAD
    0x20000028   0x080047a0   0x00000018   Data   RW         3149    .data               my_nrf24.o
    0x20000040        -       0x000000f0   Zero   RW           20    .bss                main.o
    0x20000130        -       0x00000044   Zero   RW           21    .bss                main.o
    0x20000174        -       0x00000058   Zero   RW         3147    .bss                my_nrf24.o
    0x200001cc        -       0x00000060   Zero   RW         3534    .bss                c_w.l(libspace.o)
    0x2000022c   0x080047b8   0x00000004   PAD
    0x20000230        -       0x00000200   Zero   RW            2    HEAP                startup_stm32f103xb.o
    0x20000430        -       0x00000400   Zero   RW            1    STACK               startup_stm32f103xb.o


==============================================================================

Image component sizes


      Code (inc. data)   RO Data    RW Data    ZI Data      Debug   Object Name

        24          6          0          0          0        773   delay.o
       440         42          0          9          0       3204   dht22.o
       892         64          0          8        308     443401   main.o
       128         44          0          0          0       1005   mq135.o
      1630         90          0         24         88      20350   my_nrf24.o
        64         26        236          0       1536        804   startup_stm32f103xb.o
       164         28          0         12          0       5837   stm32f1xx_hal.o
      1134         56          0          0          0       8426   stm32f1xx_hal_adc.o
       198         14          0          0          0      28887   stm32f1xx_hal_cortex.o
       586         32          0          0          0       3555   stm32f1xx_hal_dma.o
       500         34          0          0          0       3487   stm32f1xx_hal_gpio.o
       360         54          0          0          0       2877   stm32f1xx_hal_msp.o
      1176         60         18          0          0       3954   stm32f1xx_hal_rcc.o
       236         12          0          0          0       1364   stm32f1xx_hal_rcc_ex.o
      1688          4          0          0          0       8118   stm32f1xx_hal_spi.o
       604         28          0          0          0       6656   stm32f1xx_hal_tim.o
       104         12          0          0          0       1340   stm32f1xx_hal_tim_ex.o
        32          6          0          0          0       4233   stm32f1xx_it.o
         2          0         16          4          0       1095   system_stm32f1xx.o

    ----------------------------------------------------------------------
      9988        612        302         64       1932     549366   Object Totals
         0          0         32          0          0          0   (incl. Generated)
        26          0          0          7          0          0   (incl. Padding)

    ----------------------------------------------------------------------

      Code (inc. data)   RO Data    RW Data    ZI Data      Debug   Library Member Name

         8          0          0          0          0         68   __main.o
         0          0          0          0          0          0   __rtentry.o
        12          0          0          0          0          0   __rtentry2.o
         6          0          0          0          0          0   __rtentry4.o
        52          8          0          0          0          0   __scatter.o
        26          0          0          0          0          0   __scatter_copy.o
        28          0          0          0          0          0   __scatter_zi.o
        22          0          0          0          0        100   _rserrno.o
        18          0          0          0          0         80   exit.o
         6          0          0          0          0        152   heapauxi.o
         0          0          0          0          0          0   indicate_semi.o
         2          0          0          0          0          0   libinit.o
         2          0          0          0          0          0   libinit2.o
         2          0          0          0          0          0   libshutdown.o
         2          0          0          0          0          0   libshutdown2.o
         8          4          0          0         96         68   libspace.o
         8          4          0          0          0         68   rt_errno_addr_intlibspace.o
        78          0          0          0          0         80   rt_memclr_w.o
       100          0          0          0          0         80   rt_memcpy_w.o
         2          0          0          0          0          0   rtexit.o
        10          0          0          0          0          0   rtexit2.o
        12          4          0          0          0         68   sys_exit.o
        74          0          0          0          0         80   sys_stackheap_outer.o
         2          0          0          0          0         68   use_no_semi.o
        98          4          0          0          0         92   d2f.o
       826         16          0          0          0        348   daddsub_clz.o
        16          4          0          0          0         68   dcheck1.o
        24          0          0          0          0         68   dcmpi.o
       688        140          0          0          0        208   ddiv.o
        46          0          0          0          0         68   dflt_clz.o
       120          4          0          0          0         92   dleqf.o
       340         12          0          0          0        104   dmul.o
       156          4          0          0          0         92   dnaninf.o
        12          0          0          0          0         68   dretinf.o
       108          0          0          0          0         80   drleqf.o
       460         56          0          0          0        120   dsqrt_noumaal.o
        86          4          0          0          0         84   f2d.o
       430          8          0          0          0        168   faddsub_clz.o
       388         76          0          0          0         96   fdiv.o
        48          0          0          0          0         68   fflt_clz.o
       258          4          0          0          0         84   fmul.o
       140          4          0          0          0         84   fnaninf.o
        10          0          0          0          0         68   fretinf.o
       100          0          0          0          0         68   retnan.o
        92          0          0          0          0         68   scalbn.o
        48          0          0          0          0         68   trapv.o
         0          0          0          0          0          0   usenofp.o
        62         10          0          0          0        340   dunder.o
        40          0          0          0          0         68   fpclassify.o
       170          0          0          0          0         96   poly.o
      2520        190        136          0          0        324   pow.o
         0          0          8          0          0          0   qnan.o
        76          0          0          0          0         84   sqrt.o

    ----------------------------------------------------------------------
      7862        556        144          0        100       4088   Library Totals
        20          0          0          0          4          0   (incl. Padding)

    ----------------------------------------------------------------------

      Code (inc. data)   RO Data    RW Data    ZI Data      Debug   Library Name

       480         20          0          0         96        912   c_w.l
      4494        336          0          0          0       2264   fz_ws.l
      2868        200        144          0          0        912   m_ws.l

    ----------------------------------------------------------------------
      7862        556        144          0        100       4088   Library Totals

    ----------------------------------------------------------------------

==============================================================================


      Code (inc. data)   RO Data    RW Data    ZI Data      Debug   

     17850       1168        446         64       2032     545858   Grand Totals
     17850       1168        446         64       2032     545858   ELF Image Totals
     17850       1168        446         64          0          0   ROM Totals

==============================================================================

    Total RO  Size (Code + RO Data)                18296 (  17.87kB)
    Total RW  Size (RW Data + ZI Data)              2096 (   2.05kB)
    Total ROM Size (Code + RO Data + RW Data)      18360 (  17.93kB)

==============================================================================

